Component: ARM Compiler 5.06 update 3 (build 300) Tool: armlink [4d35c9]

==============================================================================

Section Cross References

    startup_stm32f407xx.o(RESET) refers to startup_stm32f407xx.o(STACK) for __initial_sp
    startup_stm32f407xx.o(RESET) refers to startup_stm32f407xx.o(.text) for Reset_Handler
    startup_stm32f407xx.o(RESET) refers to stm32f4xx_it.o(i.NMI_Handler) for NMI_Handler
    startup_stm32f407xx.o(RESET) refers to stm32f4xx_it.o(i.HardFault_Handler) for HardFault_Handler
    startup_stm32f407xx.o(RESET) refers to stm32f4xx_it.o(i.MemManage_Handler) for MemManage_Handler
    startup_stm32f407xx.o(RESET) refers to stm32f4xx_it.o(i.BusFault_Handler) for BusFault_Handler
    startup_stm32f407xx.o(RESET) refers to stm32f4xx_it.o(i.UsageFault_Handler) for UsageFault_Handler
    startup_stm32f407xx.o(RESET) refers to port.o(.emb_text) for SVC_Handler
    startup_stm32f407xx.o(RESET) refers to stm32f4xx_it.o(i.DebugMon_Handler) for DebugMon_Handler
    startup_stm32f407xx.o(RESET) refers to port.o(i.SysTick_Handler) for SysTick_Handler
    startup_stm32f407xx.o(RESET) refers to stm32f4xx_it.o(i.EXTI0_IRQHandler) for EXTI0_IRQHandler
    startup_stm32f407xx.o(RESET) refers to stm32f4xx_it.o(i.DMA1_Stream5_IRQHandler) for DMA1_Stream5_IRQHandler
    startup_stm32f407xx.o(RESET) refers to stm32f4xx_it.o(i.DMA1_Stream6_IRQHandler) for DMA1_Stream6_IRQHandler
    startup_stm32f407xx.o(RESET) refers to stm32f4xx_it.o(i.CAN1_RX0_IRQHandler) for CAN1_RX0_IRQHandler
    startup_stm32f407xx.o(RESET) refers to stm32f4xx_it.o(i.USART1_IRQHandler) for USART1_IRQHandler
    startup_stm32f407xx.o(RESET) refers to stm32f4xx_it.o(i.USART2_IRQHandler) for USART2_IRQHandler
    startup_stm32f407xx.o(RESET) refers to stm32f4xx_it.o(i.TIM8_UP_TIM13_IRQHandler) for TIM8_UP_TIM13_IRQHandler
    startup_stm32f407xx.o(RESET) refers to stm32f4xx_it.o(i.TIM8_TRG_COM_TIM14_IRQHandler) for TIM8_TRG_COM_TIM14_IRQHandler
    startup_stm32f407xx.o(RESET) refers to stm32f4xx_it.o(i.UART4_IRQHandler) for UART4_IRQHandler
    startup_stm32f407xx.o(RESET) refers to stm32f4xx_it.o(i.TIM6_DAC_IRQHandler) for TIM6_DAC_IRQHandler
    startup_stm32f407xx.o(RESET) refers to stm32f4xx_it.o(i.TIM7_IRQHandler) for TIM7_IRQHandler
    startup_stm32f407xx.o(RESET) refers to stm32f4xx_it.o(i.DMA2_Stream2_IRQHandler) for DMA2_Stream2_IRQHandler
    startup_stm32f407xx.o(RESET) refers to stm32f4xx_it.o(i.DMA2_Stream7_IRQHandler) for DMA2_Stream7_IRQHandler
    startup_stm32f407xx.o(.text) refers to system_stm32f4xx.o(i.SystemInit) for SystemInit
    startup_stm32f407xx.o(.text) refers to entry.o(.ARM.Collect$$$$00000000) for __main
    iic.o(i.IIC_Ack) refers to delay.o(i.delay_us) for delay_us
    iic.o(i.IIC_NAck) refers to delay.o(i.delay_us) for delay_us
    iic.o(i.IIC_Read_Byte) refers to delay.o(i.delay_us) for delay_us
    iic.o(i.IIC_Read_Byte) refers to iic.o(i.IIC_Ack) for IIC_Ack
    iic.o(i.IIC_Read_Byte) refers to iic.o(i.IIC_NAck) for IIC_NAck
    iic.o(i.IIC_Send_Byte) refers to delay.o(i.delay_us) for delay_us
    iic.o(i.IIC_Start) refers to delay.o(i.delay_us) for delay_us
    iic.o(i.IIC_Stop) refers to delay.o(i.delay_us) for delay_us
    iic.o(i.IIC_Wait_Ack) refers to delay.o(i.delay_us) for delay_us
    iic.o(i.IIC_Wait_Ack) refers to iic.o(i.IIC_Stop) for IIC_Stop
    delay.o(i.delay_init) refers to stm32f4xx_hal_cortex.o(i.HAL_SYSTICK_CLKSourceConfig) for HAL_SYSTICK_CLKSourceConfig
    delay.o(i.delay_init) refers to delay.o(.data) for .data
    delay.o(i.delay_ms) refers to delay.o(i.delay_us) for delay_us
    delay.o(i.delay_us) refers to delay.o(.data) for .data
    main.o(i.HAL_TIM_PeriodElapsedCallback) refers to stm32f4xx_hal.o(i.HAL_IncTick) for HAL_IncTick
    main.o(i.HAL_TIM_PeriodElapsedCallback) refers to mytask.o(i._StateUpdate) for _StateUpdate
    main.o(i.HAL_TIM_PeriodElapsedCallback) refers to mytask.o(i._TestTask) for _TestTask
    main.o(i.HAL_TIM_PeriodElapsedCallback) refers to mytask.o(i._DingjiaoPIDTask) for _DingjiaoPIDTask
    main.o(i.HAL_TIM_PeriodElapsedCallback) refers to mytask.o(i._TrackPIDTask) for _TrackPIDTask
    main.o(i.HAL_TIM_PeriodElapsedCallback) refers to mytask.o(i._M2006Task) for _M2006Task
    main.o(i.HAL_TIM_PeriodElapsedCallback) refers to sensor8.o(i.Trig_Sensor) for Trig_Sensor
    main.o(i.SystemClock_Config) refers to memseta.o(.text) for __aeabi_memclr4
    main.o(i.SystemClock_Config) refers to stm32f4xx_hal_rcc.o(i.HAL_RCC_OscConfig) for HAL_RCC_OscConfig
    main.o(i.SystemClock_Config) refers to stm32f4xx_hal_rcc.o(i.HAL_RCC_ClockConfig) for HAL_RCC_ClockConfig
    main.o(i.main) refers to stm32f4xx_hal.o(i.HAL_Init) for HAL_Init
    main.o(i.main) refers to main.o(i.SystemClock_Config) for SystemClock_Config
    main.o(i.main) refers to delay.o(i.delay_init) for delay_init
    main.o(i.main) refers to gpio.o(i.MX_GPIO_Init) for MX_GPIO_Init
[...]
    HAL_CAN_RxFifo0FullCallback              0x080018b5   Thumb Code     2  stm32f4xx_hal_can.o(i.HAL_CAN_RxFifo0FullCallback)
    HAL_CAN_RxFifo0MsgPendingCallback        0x080018b9   Thumb Code    86  bsp_can.o(i.HAL_CAN_RxFifo0MsgPendingCallback)
    HAL_CAN_RxFifo1FullCallback              0x08001921   Thumb Code     2  stm32f4xx_hal_can.o(i.HAL_CAN_RxFifo1FullCallback)
    HAL_CAN_RxFifo1MsgPendingCallback        0x08001923   Thumb Code     2  stm32f4xx_hal_can.o(i.HAL_CAN_RxFifo1MsgPendingCallback)
    HAL_CAN_SleepCallback                    0x08001925   Thumb Code     2  stm32f4xx_hal_can.o(i.HAL_CAN_SleepCallback)
    HAL_CAN_Start                            0x08001929   Thumb Code    88  stm32f4xx_hal_can.o(i.HAL_CAN_Start)
    HAL_CAN_TxMailbox0AbortCallback          0x08001981   Thumb Code     2  stm32f4xx_hal_can.o(i.HAL_CAN_TxMailbox0AbortCallback)
    HAL_CAN_TxMailbox0CompleteCallback       0x08001983   Thumb Code     2  stm32f4xx_hal_can.o(i.HAL_CAN_TxMailbox0CompleteCallback)
    HAL_CAN_TxMailbox1AbortCallback          0x08001985   Thumb Code     2  stm32f4xx_hal_can.o(i.HAL_CAN_TxMailbox1AbortCallback)
    HAL_CAN_TxMailbox1CompleteCallback       0x08001987   Thumb Code     2  stm32f4xx_hal_can.o(i.HAL_CAN_TxMailbox1CompleteCallback)
    HAL_CAN_TxMailbox2AbortCallback          0x08001989   Thumb Code     2  stm32f4xx_hal_can.o(i.HAL_CAN_TxMailbox2AbortCallback)
    HAL_CAN_TxMailbox2CompleteCallback       0x0800198b   Thumb Code     2  stm32f4xx_hal_can.o(i.HAL_CAN_TxMailbox2CompleteCallback)
    HAL_CAN_WakeUpFromRxMsgCallback          0x0800198d   Thumb Code     2  stm32f4xx_hal_can.o(i.HAL_CAN_WakeUpFromRxMsgCallback)
    HAL_DMA_Abort                            0x0800198f   Thumb Code   146  stm32f4xx_hal_dma.o(i.HAL_DMA_Abort)
    HAL_DMA_Abort_IT                         0x08001a21   Thumb Code    36  stm32f4xx_hal_dma.o(i.HAL_DMA_Abort_IT)
    HAL_DMA_IRQHandler                       0x08001a45   Thumb Code   412  stm32f4xx_hal_dma.o(i.HAL_DMA_IRQHandler)
    HAL_DMA_Init                             0x08001be5   Thumb Code   206  stm32f4xx_hal_dma.o(i.HAL_DMA_Init)
    HAL_DMA_Start_IT                         0x08001cb9   Thumb Code   110  stm32f4xx_hal_dma.o(i.HAL_DMA_Start_IT)
    HAL_Delay                                0x08001d29   Thumb Code    32  stm32f4xx_hal.o(i.HAL_Delay)
    HAL_FLASHEx_Erase                        0x08001d4d   Thumb Code   144  stm32f4xx_hal_flash_ex.o(i.HAL_FLASHEx_Erase)
    HAL_FLASH_Lock                           0x08001de5   Thumb Code    14  stm32f4xx_hal_flash.o(i.HAL_FLASH_Lock)
    HAL_FLASH_Program                        0x08001df9   Thumb Code   116  stm32f4xx_hal_flash.o(i.HAL_FLASH_Program)
    HAL_FLASH_Unlock                         0x08001e75   Thumb Code    32  stm32f4xx_hal_flash.o(i.HAL_FLASH_Unlock)
    HAL_GPIO_EXTI_Callback                   0x08001ea1   Thumb Code     2  stm32f4xx_hal_gpio.o(i.HAL_GPIO_EXTI_Callback)
    HAL_GPIO_EXTI_IRQHandler                 0x08001ea5   Thumb Code    18  stm32f4xx_hal_gpio.o(i.HAL_GPIO_EXTI_IRQHandler)
    HAL_GPIO_Init                            0x08001ebd   Thumb Code   450  stm32f4xx_hal_gpio.o(i.HAL_GPIO_Init)
    HAL_GPIO_ReadPin                         0x080020ad   Thumb Code    10  stm32f4xx_hal_gpio.o(i.HAL_GPIO_ReadPin)
    HAL_GPIO_TogglePin                       0x080020b7   Thumb Code    16  stm32f4xx_hal_gpio.o(i.HAL_GPIO_TogglePin)
    HAL_GPIO_WritePin                        0x080020c7   Thumb Code    10  stm32f4xx_hal_gpio.o(i.HAL_GPIO_WritePin)
    HAL_GetTick                              0x080020d1   Thumb Code     6  stm32f4xx_hal.o(i.HAL_GetTick)
    HAL_IncTick                              0x080020dd   Thumb Code    12  stm32f4xx_hal.o(i.HAL_IncTick)
    HAL_Init                                 0x080020ed   Thumb Code    48  stm32f4xx_hal.o(i.HAL_Init)
    HAL_InitTick                             0x08002121   Thumb Code   100  stm32f4xx_hal_timebase_tim.o(i.HAL_InitTick)
    HAL_MspInit                              0x08002195   Thumb Code    52  stm32f4xx_hal_msp.o(i.HAL_MspInit)
    HAL_NVIC_EnableIRQ                       0x080021cd   Thumb Code    26  stm32f4xx_hal_cortex.o(i.HAL_NVIC_EnableIRQ)
    HAL_NVIC_SetPriority                     0x080021e9   Thumb Code    60  stm32f4xx_hal_cortex.o(i.HAL_NVIC_SetPriority)
    HAL_NVIC_SetPriorityGrouping             0x08002229   Thumb Code    26  stm32f4xx_hal_cortex.o(i.HAL_NVIC_SetPriorityGrouping)
    HAL_RCC_ClockConfig                      0x0800224d   Thumb Code   288  stm32f4xx_hal_rcc.o(i.HAL_RCC_ClockConfig)
    HAL_RCC_GetClockConfig                   0x08002381   Thumb Code    54  stm32f4xx_hal_rcc.o(i.HAL_RCC_GetClockConfig)
    HAL_RCC_GetHCLKFreq                      0x080023c1   Thumb Code     6  stm32f4xx_hal_rcc.o(i.HAL_RCC_GetHCLKFreq)
    HAL_RCC_GetPCLK1Freq                     0x080023cd   Thumb Code    20  stm32f4xx_hal_rcc.o(i.HAL_RCC_GetPCLK1Freq)
    HAL_RCC_GetPCLK2Freq                     0x080023ed   Thumb Code    20  stm32f4xx_hal_rcc.o(i.HAL_RCC_GetPCLK2Freq)
    HAL_RCC_GetSysClockFreq                  0x0800240d   Thumb Code    88  stm32f4xx_hal_rcc.o(i.HAL_RCC_GetSysClockFreq)
    HAL_RCC_OscConfig                        0x0800246d   Thumb Code   856  stm32f4xx_hal_rcc.o(i.HAL_RCC_OscConfig)
    HAL_SYSTICK_CLKSourceConfig              0x080027d9   Thumb Code    24  stm32f4xx_hal_cortex.o(i.HAL_SYSTICK_CLKSourceConfig)
    HAL_TIMEx_BreakCallback                  0x080027f1   Thumb Code     2  stm32f4xx_hal_tim_ex.o(i.HAL_TIMEx_BreakCallback)
    HAL_TIMEx_CommutCallback                 0x080027f3   Thumb Code     2  stm32f4xx_hal_tim_ex.o(i.HAL_TIMEx_CommutCallback)
    HAL_TIMEx_MasterConfigSynchronization    0x080027f5   Thumb Code   116  stm32f4xx_hal_tim_ex.o(i.HAL_TIMEx_MasterConfigSynchronization)
    HAL_TIM_Base_Init                        0x08002885   Thumb Code    90  stm32f4xx_hal_tim.o(i.HAL_TIM_Base_Init)
    HAL_TIM_Base_MspInit                     0x080028e1   Thumb Code   166  tim.o(i.HAL_TIM_Base_MspInit)
    HAL_TIM_Base_Start_IT                    0x080029a1   Thumb Code   100  stm32f4xx_hal_tim.o(i.HAL_TIM_Base_Start_IT)
    HAL_TIM_Base_Stop_IT                     0x08002a21   Thumb Code    48  stm32f4xx_hal_tim.o(i.HAL_TIM_Base_Stop_IT)
    HAL_TIM_ConfigClockSource                0x08002a51   Thumb Code   220  stm32f4xx_hal_tim.o(i.HAL_TIM_ConfigClockSource)
    HAL_TIM_IC_CaptureCallback               0x08002b2d   Thumb Code     2  stm32f4xx_hal_tim.o(i.HAL_TIM_IC_CaptureCallback)
    HAL_TIM_IRQHandler                       0x08002b2f   Thumb Code   358  stm32f4xx_hal_tim.o(i.HAL_TIM_IRQHandler)
    HAL_TIM_MspPostInit                      0x08002c95   Thumb Code   108  tim.o(i.HAL_TIM_MspPostInit)
    HAL_TIM_OC_DelayElapsedCallback          0x08002d15   Thumb Code     2  stm32f4xx_hal_tim.o(i.HAL_TIM_OC_DelayElapsedCallback)
    HAL_TIM_PWM_ConfigChannel                0x08002d17   Thumb Code   204  stm32f4xx_hal_tim.o(i.HAL_TIM_PWM_ConfigChannel)
    HAL_TIM_PWM_Init                         0x08002de3   Thumb Code    90  stm32f4xx_hal_tim.o(i.HAL_TIM_PWM_Init)
    HAL_TIM_PWM_MspInit                      0x08002e3d   Thumb Code     2  stm32f4xx_hal_tim.o(i.HAL_TIM_PWM_MspInit)
    HAL_TIM_PWM_PulseFinishedCallback        0x08002e3f   Thumb Code     2  stm32f4xx_hal_tim.o(i.HAL_TIM_PWM_PulseFinishedCallback)
    HAL_TIM_PWM_Start                        0x08002e41   Thumb Code   172  stm32f4xx_hal_tim.o(i.HAL_TIM_PWM_Start)
    HAL_TIM_PeriodElapsedCallback            0x08002f09   Thumb Code    62  main.o(i.HAL_TIM_PeriodElapsedCallback)
    HAL_TIM_TriggerCallback                  0x08002f55   Thumb Code     2  stm32f4xx_hal_tim.o(i.HAL_TIM_TriggerCallback)
    HAL_UARTEx_RxEventCallback               0x08002f57   Thumb Code     2  stm32f4xx_hal_uart.o(i.HAL_UARTEx_RxEventCallback)
    HAL_UART_ErrorCallback                   0x08002f59   Thumb Code     2  stm32f4xx_hal_uart.o(i.HAL_UART_ErrorCallback)
    HAL_UART_IRQHandler                      0x08002f5d   Thumb Code   610  stm32f4xx_hal_uart.o(i.HAL_UART_IRQHandler)
    HAL_UART_Init                            0x080031c5   Thumb Code    98  stm32f4xx_hal_uart.o(i.HAL_UART_Init)
    HAL_UART_MspInit                         0x08003229   Thumb Code   468  usart.o(i.HAL_UART_MspInit)
    HAL_UART_Receive_DMA                     0x08003429   Thumb Code    42  stm32f4xx_hal_uart.o(i.HAL_UART_Receive_DMA)
    HAL_UART_Receive_IT                      0x08003453   Thumb Code    42  stm32f4xx_hal_uart.o(i.HAL_UART_Receive_IT)
    HAL_UART_RxCpltCallback                  0x0800347d   Thumb Code   138  uart_it.o(i.HAL_UART_RxCpltCallback)
    HAL_UART_RxHalfCpltCallback              0x0800352d   Thumb Code     2  stm32f4xx_hal_uart.o(i.HAL_UART_RxHalfCpltCallback)
    HAL_UART_Transmit_DMA                    0x08003531   Thumb Code   126  stm32f4xx_hal_uart.o(i.HAL_UART_Transmit_DMA)
    HAL_UART_TxCpltCallback                  0x080035bd   Thumb Code     2  stm32f4xx_hal_uart.o(i.HAL_UART_TxCpltCallback)
    HAL_UART_TxHalfCpltCallback              0x080035bf   Thumb Code     2  stm32f4xx_hal_uart.o(i.HAL_UART_TxHalfCpltCallback)
    HardFault_Handler                        0x080035c1   Thumb Code     2  stm32f4xx_it.o(i.HardFault_Handler)
    KeyState                                 0x080035c5   Thumb Code   130  key.o(i.KeyState)
    MX_ADC1_Init                             0x08003651   Thumb Code    88  adc.o(i.MX_ADC1_Init)
    MX_CAN1_Init                             0x080036b5   Thumb Code    58  can.o(i.MX_CAN1_Init)
    MX_DMA_Init                              0x080036f9   Thumb Code   104  dma.o(i.MX_DMA_Init)
    MX_FREERTOS_Init                         0x08003765   Thumb Code    52  freertos.o(i.MX_FREERTOS_Init)
    MX_GPIO_Init                             0x080037a1   Thumb Code   372  gpio.o(i.MX_GPIO_Init)
    MX_TIM13_Init                            0x0800392d   Thumb Code    44  tim.o(i.MX_TIM13_Init)
    MX_TIM14_Init                            0x08003961   Thumb Code    46  tim.o(i.MX_TIM14_Init)
    MX_TIM3_Init                             0x08003999   Thumb Code   144  tim.o(i.MX_TIM3_Init)
    MX_TIM5_Init                             0x08003a31   Thumb Code   192  tim.o(i.MX_TIM5_Init)
    MX_TIM7_Init                             0x08003af9   Thumb Code    62  tim.o(i.MX_TIM7_Init)
    MX_UART4_Init                            0x08003b41   Thumb Code    48  usart.o(i.MX_UART4_Init)
    MX_USART1_UART_Init                      0x08003b79   Thumb Code    46  usart.o(i.MX_USART1_UART_Init)
    MX_USART2_UART_Init                      0x08003bb5   Thumb Code    48  usart.o(i.MX_USART2_UART_Init)
    MemManage_Handler                        0x08003bed   Thumb Code     2  stm32f4xx_it.o(i.MemManage_Handler)
    NMI_Handler                              0x08003bef   Thumb Code     2  stm32f4xx_it.o(i.NMI_Handler)
    PID_calc                                 0x08003bf1   Thumb Code   292  pid.o(i.PID_calc)
    PID_clear                                0x08003d19   Thumb Code    58  pid.o(i.PID_clear)
    PID_init                                 0x08003d59   Thumb Code    88  pid.o(i.PID_init)
    PID_set                                  0x08003db5   Thumb Code    12  pid.o(i.PID_set)
    RC_init                                  0x08003dc1   Thumb Code    84  bsp_rc.o(i.RC_init)
    Ramp_dis                                 0x08003e21   Thumb Code    52  control.o(i.Ramp_dis)
    STM32_gpio_and_delay                     0x08003e59   Thumb Code   120  bsp_u8g2.o(i.STM32_gpio_and_delay)
    SensorR                                  0x08003ed5   Thumb Code    78  led.o(i.SensorR)
    Servo_5_mode                             0x08003f31   Thumb Code    34  control.o(i.Servo_5_mode)
    SpeedUP_track                            0x08003f55   Thumb Code    68  control.o(i.SpeedUP_track)
    Stop                                     0x08003f9d   Thumb Code    20  control.o(i.Stop)
    SysTick_Handler                          0x08003fb5   Thumb Code    38  port.o(i.SysTick_Handler)
    SystemClock_Config                       0x08003fe1   Thumb Code   122  main.o(i.SystemClock_Config)
    SystemInit                               0x08004065   Thumb Code    22  system_stm32f4xx.o(i.SystemInit)
    TIM6_DAC_IRQHandler                      0x08004081   Thumb Code     6  stm32f4xx_it.o(i.TIM6_DAC_IRQHandler)
    TIM7_IRQHandler                          0x0800408d   Thumb Code     6  stm32f4xx_it.o(i.TIM7_IRQHandler)
    TIM8_TRG_COM_TIM14_IRQHandler            0x08004099   Thumb Code     6  stm32f4xx_it.o(i.TIM8_TRG_COM_TIM14_IRQHandler)
    TIM8_UP_TIM13_IRQHandler                 0x080040a5   Thumb Code     6  stm32f4xx_it.o(i.TIM8_UP_TIM13_IRQHandler)
    TIM_Base_SetConfig                       0x080040b1   Thumb Code   156  stm32f4xx_hal_tim.o(i.TIM_Base_SetConfig)
    TIM_CCxChannelCmd                        0x08004179   Thumb Code    26  stm32f4xx_hal_tim.o(i.TIM_CCxChannelCmd)
    TIM_ETR_SetConfig                        0x08004193   Thumb Code    20  stm32f4xx_hal_tim.o(i.TIM_ETR_SetConfig)
    TIM_OC2_SetConfig                        0x08004219   Thumb Code    98  stm32f4xx_hal_tim.o(i.TIM_OC2_SetConfig)
    Track_2                                  0x08004385   Thumb Code   114  control.o(i.Track_2)
    Track_tim                                0x0800440d   Thumb Code    20  control.o(i.Track_tim)
    Tracking                                 0x08004425   Thumb Code   250  control.o(i.Tracking)
    Traffic_pass                             0x08004549   Thumb Code    12  control.o(i.Traffic_pass)
    Trig_Sensor                              0x08004559   Thumb Code    20  sensor8.o(i.Trig_Sensor)
    Turn_180                                 0x08004571   Thumb Code    52  control.o(i.Turn_180)
    UART4_IRQHandler                         0x080045ad   Thumb Code     6  stm32f4xx_it.o(i.UART4_IRQHandler)
    UART_Start_Receive_DMA                   0x08004931   Thumb Code   134  stm32f4xx_hal_uart.o(i.UART_Start_Receive_DMA)
    UART_Start_Receive_IT                    0x080049c5   Thumb Code    58  stm32f4xx_hal_uart.o(i.UART_Start_Receive_IT)
    USART1_IRQHandler                        0x08004a01   Thumb Code    16  stm32f4xx_it.o(i.USART1_IRQHandler)
    USART1_IRQHandler_1                      0x08004a15   Thumb Code   156  remote_control.o(i.USART1_IRQHandler_1)
    USART2_IRQHandler                        0x08004ac9   Thumb Code     6  stm32f4xx_it.o(i.USART2_IRQHandler)
    UsageFault_Handler                       0x08004ad5   Thumb Code     2  stm32f4xx_it.o(i.UsageFault_Handler)
    WT_init                                  0x08004ad9   Thumb Code    60  control.o(i.WT_init)
    WaitForCross                             0x08004b29   Thumb Code    30  control.o(i.WaitForCross)
    _ContestTask                             0x08004b4d   Thumb Code   212  mytask.o(i._ContestTask)
    _DingjiaoPIDTask                         0x08004c39   Thumb Code   192  mytask.o(i._DingjiaoPIDTask)
    _LEDFlash                                0x08004d31   Thumb Code    34  mytask.o(i._LEDFlash)
    _M2006Task                               0x08004d59   Thumb Code   254  mytask.o(i._M2006Task)
    _StateUpdate                             0x08004e95   Thumb Code    52  mytask.o(i._StateUpdate)
    _TestTask                                0x08004ed9   Thumb Code     4  mytask.o(i._TestTask)
    _TrackPIDTask                            0x08004edd   Thumb Code   150  mytask.o(i._TrackPIDTask)
    __scatterload_copy                       0x08004fc1   Thumb Code    14  handlers.o(i.__scatterload_copy)
    __scatterload_null                       0x08004fcf   Thumb Code     2  handlers.o(i.__scatterload_null)
    __scatterload_zeroinit                   0x08004fd1   Thumb Code    14  handlers.o(i.__scatterload_zeroinit)
    backhome                                 0x08004fe1   Thumb Code   224  section.o(i.backhome)
    battery                                  0x080050d1   Thumb Code   134  control.o(i.battery)
    battery_check                            0x08005179   Thumb Code   104  control.o(i.battery_check)
    bend                                     0x080051f9   Thumb Code    40  servo.o(i.bend)
    cross12_back                             0x08005221   Thumb Code   224  section.o(i.cross12_back)
    cross3_to_cross12                        0x08005305   Thumb Code   112  section.o(i.cross3_to_cross12)
    cross3_to_p6                             0x08005379   Thumb Code    38  section.o(i.cross3_to_p6)
    cross3_to_p8                             0x0800539f   Thumb Code   208  section.o(i.cross3_to_p8)
    cross4_to_cross12                        0x08005471   Thumb Code   100  section.o(i.cross4_to_cross12)
    cross4_to_p6                             0x080054d9   Thumb Code   132  section.o(i.cross4_to_p6)
    cross4_to_p8                             0x08005561   Thumb Code   294  section.o(i.cross4_to_p8)
    delay_US                                 0x0800568d   Thumb Code    22  bsp_u8g2.o(i.delay_US)
    delay_distance                           0x080056a9   Thumb Code    26  control.o(i.delay_distance)
    delay_init                               0x080056c9   Thumb Code    16  delay.o(i.delay_init)
    detect_Traffic_light                     0x080056dd   Thumb Code    62  control.o(i.detect_Traffic_light)
    dingjiao                                 0x08005721   Thumb Code   164  control.o(i.dingjiao)
    dingjiao_run                             0x080057e1   Thumb Code   226  control.o(i.dingjiao_run)
    drawLogo                                 0x080058f9   Thumb Code    42  bsp_u8g2.o(i.drawLogo)
    find_door                                0x08005931   Thumb Code  1280  section.o(i.find_door)
    flash_erase_address                      0x08005e31   Thumb Code    42  bsp_flash.o(i.flash_erase_address)
    flash_led                                0x08005e5d   Thumb Code    70  control.o(i.flash_led)
    flash_read                               0x08005ea9   Thumb Code    12  bsp_flash.o(i.flash_read)
    flash_write_single_address               0x08005eb5   Thumb Code    98  bsp_flash.o(i.flash_write_single_address)
    get_moto_measure                         0x08005fe1   Thumb Code    90  bsp_can.o(i.get_moto_measure)
    get_next_flash_address                   0x08006041   Thumb Code   168  bsp_flash.o(i.get_next_flash_address)
    itoa                                     0x080061f1   Thumb Code   116  control.o(i.itoa)
    jiansudai                                0x0800628d   Thumb Code    62  section.o(i.jiansudai)
    jiansudai_double                         0x080062cb   Thumb Code    62  section.o(i.jiansudai_double)
    jieti_1                                  0x08006309   Thumb Code    82  section.o(i.jieti_1)
    jinxingban_start                         0x0800635d   Thumb Code   226  section.o(i.jinxingban_start)
    long_bridge                              0x08006461   Thumb Code   106  section.o(i.long_bridge)
    main                                     0x080064d9   Thumb Code   148  main.o(i.main)
    my_abs                                   0x08006585   Thumb Code    16  control.o(i.my_abs)
    my_can_filter_init_recv_all              0x08006595   Thumb Code    48  bsp_can.o(i.my_can_filter_init_recv_all)
    osDelay                                  0x080065c5   Thumb Code    14  cmsis_os.o(i.osDelay)
    osKernelStart                            0x080065d3   Thumb Code    10  cmsis_os.o(i.osKernelStart)
    osThreadCreate                           0x080065dd   Thumb Code    84  cmsis_os.o(i.osThreadCreate)
    p1_to_p2                                 0x08006631   Thumb Code    86  section.o(i.p1_to_p2)
    p2_to_p4                                 0x08006687   Thumb Code   122  section.o(i.p2_to_p4)
    p4_to_cross2                             0x08006701   Thumb Code    40  section.o(i.p4_to_cross2)
    p4_to_s02                                0x0800672d   Thumb Code    56  section.o(i.p4_to_s02)
    p6_to_p8                                 0x08006765   Thumb Code   204  section.o(i.p6_to_p8)
    p6_to_s03                                0x08006835   Thumb Code    40  section.o(i.p6_to_s03)
    p7_to_cross3                             0x0800685d   Thumb Code   228  section.o(i.p7_to_cross3)
    p7_to_cross4                             0x08006941   Thumb Code   212  section.o(i.p7_to_cross4)
    p8_to_p7                                 0x08006a15   Thumb Code   108  section.o(i.p8_to_p7)
    pingtai                                  0x08006a81   Thumb Code   336  section.o(i.pingtai)
    pingtai6                                 0x08006be9   Thumb Code   214  section.o(i.pingtai6)
    pingtai7                                 0x08006ccd   Thumb Code   528  section.o(i.pingtai7)
    pingtai8                                 0x08006efd   Thumb Code  1032  section.o(i.pingtai8)
    pvPortMalloc                             0x080076a5   Thumb Code   216  heap_4.o(i.pvPortMalloc)
    pxPortInitialiseStack                    0x08007781   Thumb Code    40  port.o(i.pxPortInitialiseStack)
    qiaoban                                  0x080077ad   Thumb Code   124  section.o(i.qiaoban)
    raise                                    0x08007835   Thumb Code    44  servo.o(i.raise)
    ready                                    0x08007861   Thumb Code    34  section.o(i.ready)
    record_read                              0x08007899   Thumb Code    34  control.o(i.record_read)
    record_show                              0x080078c5   Thumb Code    48  control.o(i.record_show)
    record_to_flash                          0x08007901   Thumb Code   120  control.o(i.record_to_flash)
    remote_control_init                      0x08007991   Thumb Code    12  remote_control.o(i.remote_control_init)
    remote_set_door                          0x080079a1   Thumb Code    60  remote_control.o(i.remote_set_door)
    s02_to_cross2                            0x080079e9   Thumb Code    56  section.o(i.s02_to_cross2)
    s03_to_p8                                0x08007a21   Thumb Code   160  section.o(i.s03_to_p8)
    sbus_to_rc                               0x08007ac1   Thumb Code   180  remote_control.o(i.sbus_to_rc)
    servo                                    0x08007b75   Thumb Code   138  servo.o(i.servo)
    servo_init                               0x08007c19   Thumb Code    86  servo.o(i.servo_init)
    set_moto_current                         0x08007c79   Thumb Code    62  bsp_can.o(i.set_moto_current)
    show_battery                             0x08007cc1   Thumb Code    38  control.o(i.show_battery)
    skip_cross                               0x08007cf1   Thumb Code    18  control.o(i.skip_cross)
    track_turn                               0x08007d05   Thumb Code   578  control.o(i.track_turn)
    u8g2_ClearBuffer                         0x08007f99   Thumb Code    20  u8g2_buffer.o(i.u8g2_ClearBuffer)
    u8g2_DrawGlyph                           0x08007fad   Thumb Code   112  u8g2_font.o(i.u8g2_DrawGlyph)
    u8g2_DrawHVLine                          0x0800801d   Thumb Code   172  u8g2_hvline.o(i.u8g2_DrawHVLine)
    u8g2_DrawStr                             0x080080c9   Thumb Code    12  u8g2_font.o(i.u8g2_DrawStr)
    u8g2_IsIntersection                      0x080080d9   Thumb Code    48  u8g2_intersection.o(i.u8g2_IsIntersection)
    u8g2_SendBuffer                          0x08008109   Thumb Code    18  u8g2_buffer.o(i.u8g2_SendBuffer)
    u8g2_SetFont                             0x0800811b   Thumb Code    32  u8g2_font.o(i.u8g2_SetFont)
    u8g2_SetFontDirection                    0x0800813b   Thumb Code     6  u8g2_font.o(i.u8g2_SetFontDirection)
    u8g2_SetFontMode                         0x08008141   Thumb Code     6  u8g2_font.o(i.u8g2_SetFontMode)
    u8g2_SetFontPosBaseline                  0x08008149   Thumb Code     6  u8g2_font.o(i.u8g2_SetFontPosBaseline)
    u8g2_SetMaxClipWindow                    0x08008155   Thumb Code    26  u8g2_setup.o(i.u8g2_SetMaxClipWindow)
    u8g2_SetupBuffer                         0x0800816f   Thumb Code    66  u8g2_setup.o(i.u8g2_SetupBuffer)
    u8g2_Setup_ssd1306_i2c_128x64_noname_f   0x080081b1   Thumb Code    42  u8g2_d_setup.o(i.u8g2_Setup_ssd1306_i2c_128x64_noname_f)
    u8g2_Show                                0x080081e9   Thumb Code    48  bsp_u8g2.o(i.u8g2_Show)
    u8g2_UpdateRefHeight                     0x0800821d   Thumb Code    82  u8g2_font.o(i.u8g2_UpdateRefHeight)
    u8g2_add_vector_x                        0x0800826f   Thumb Code    28  u8g2_font.o(i.u8g2_add_vector_x)
    u8g2_add_vector_y                        0x0800828b   Thumb Code    28  u8g2_font.o(i.u8g2_add_vector_y)
    u8g2_draw_hv_line_2dir                   0x08008351   Thumb Code    20  u8g2_hvline.o(i.u8g2_draw_hv_line_2dir)
    u8g2_draw_l90_r0                         0x08008365   Thumb Code    12  u8g2_setup.o(i.u8g2_draw_l90_r0)
    u8g2_font_calc_vref_font                 0x080083e7   Thumb Code     4  u8g2_font.o(i.u8g2_font_calc_vref_font)
    u8g2_font_decode_get_signed_bits         0x080083eb   Thumb Code    20  u8g2_font.o(i.u8g2_font_decode_get_signed_bits)
    u8g2_font_decode_get_unsigned_bits       0x080083ff   Thumb Code    52  u8g2_font.o(i.u8g2_font_decode_get_unsigned_bits)
    u8g2_font_decode_glyph                   0x08008435   Thumb Code   268  u8g2_font.o(i.u8g2_font_decode_glyph)
    u8g2_font_decode_len                     0x08008541   Thumb Code   140  u8g2_font.o(i.u8g2_font_decode_len)
    u8g2_font_get_glyph_data                 0x080085cd   Thumb Code   114  u8g2_font.o(i.u8g2_font_get_glyph_data)
    u8g2_init                                0x08008689   Thumb Code    32  bsp_u8g2.o(i.u8g2_init)
    u8g2_is_intersection_decision_tree       0x080086b9   Thumb Code    24  u8g2_intersection.o(i.u8g2_is_intersection_decision_tree)
    u8g2_ll_hvline_vertical_top_lsb          0x080086d1   Thumb Code   144  u8g2_ll_hvline.o(i.u8g2_ll_hvline_vertical_top_lsb)
    u8g2_m_16_8_f                            0x08008761   Thumb Code     8  u8g2_d_memory.o(i.u8g2_m_16_8_f)
    u8g2_read_font_info                      0x0800876d   Thumb Code   106  u8g2_font.o(i.u8g2_read_font_info)
    u8g2_update_dimension_r0                 0x0800887d   Thumb Code     4  u8g2_setup.o(i.u8g2_update_dimension_r0)
    u8g2_update_page_win_r0                  0x08008881   Thumb Code    34  u8g2_setup.o(i.u8g2_update_page_win_r0)
    u8x8_DrawTile                            0x080088a3   Thumb Code    30  u8x8_display.o(i.u8x8_DrawTile)
    u8x8_InitDisplay                         0x080088c1   Thumb Code    16  u8x8_display.o(i.u8x8_InitDisplay)
    u8x8_RefreshDisplay                      0x080088d1   Thumb Code    16  u8x8_display.o(i.u8x8_RefreshDisplay)
    u8x8_SetPowerSave                        0x080088e1   Thumb Code    16  u8x8_display.o(i.u8x8_SetPowerSave)
    u8x8_Setup                               0x080088f1   Thumb Code    34  u8x8_setup.o(i.u8x8_Setup)
    u8x8_SetupDefaults                       0x08008915   Thumb Code    32  u8x8_setup.o(i.u8x8_SetupDefaults)
    u8x8_SetupMemory                         0x08008939   Thumb Code    16  u8x8_display.o(i.u8x8_SetupMemory)
    u8x8_ascii_next                          0x08008949   Thumb Code    14  u8x8_8x8.o(i.u8x8_ascii_next)
    u8x8_byte_EndTransfer                    0x08008957   Thumb Code    16  u8x8_byte.o(i.u8x8_byte_EndTransfer)
    u8x8_byte_SendByte                       0x08008967   Thumb Code    14  u8x8_byte.o(i.u8x8_byte_SendByte)
    u8x8_byte_StartTransfer                  0x08008975   Thumb Code    16  u8x8_byte.o(i.u8x8_byte_StartTransfer)
    u8x8_byte_sw_i2c                         0x08008985   Thumb Code   188  u8x8_byte.o(i.u8x8_byte_sw_i2c)
    u8x8_cad_EndTransfer                     0x08008a41   Thumb Code    16  u8x8_cad.o(i.u8x8_cad_EndTransfer)
    u8x8_cad_SendArg                         0x08008a51   Thumb Code    16  u8x8_cad.o(i.u8x8_cad_SendArg)
    u8x8_cad_SendCmd                         0x08008a61   Thumb Code    16  u8x8_cad.o(i.u8x8_cad_SendCmd)
    u8x8_cad_SendData                        0x08008a71   Thumb Code    16  u8x8_cad.o(i.u8x8_cad_SendData)
    u8x8_cad_SendSequence                    0x08008a81   Thumb Code   104  u8x8_cad.o(i.u8x8_cad_SendSequence)
    u8x8_cad_StartTransfer                   0x08008ae9   Thumb Code    16  u8x8_cad.o(i.u8x8_cad_StartTransfer)
    u8x8_cad_ssd13xx_fast_i2c                0x08008af9   Thumb Code   182  u8x8_cad.o(i.u8x8_cad_ssd13xx_fast_i2c)
    u8x8_d_helper_display_init               0x08008bb5   Thumb Code    96  u8x8_display.o(i.u8x8_d_helper_display_init)
    u8x8_d_helper_display_setup_memory       0x08008c15   Thumb Code    10  u8x8_display.o(i.u8x8_d_helper_display_setup_memory)
    u8x8_d_ssd1306_128x64_noname             0x08008c21   Thumb Code    54  u8x8_d_ssd1306_128x64_noname.o(i.u8x8_d_ssd1306_128x64_noname)
    u8x8_dummy_cb                            0x08008d25   Thumb Code     4  u8x8_setup.o(i.u8x8_dummy_cb)
    u8x8_gpio_call                           0x08008d29   Thumb Code    12  u8x8_gpio.o(i.u8x8_gpio_call)
    u8x8_utf8_init                           0x08008d61   Thumb Code     8  u8x8_8x8.o(i.u8x8_utf8_init)
    uxListRemove                             0x08008d69   Thumb Code    38  list.o(i.uxListRemove)
    vApplicationGetIdleTaskMemory            0x08008d91   Thumb Code    16  freertos.o(i.vApplicationGetIdleTaskMemory)
    vListInitialise                          0x08008da5   Thumb Code    22  list.o(i.vListInitialise)
    vListInitialiseItem                      0x08008dbb   Thumb Code     6  list.o(i.vListInitialiseItem)
    vListInsert                              0x08008dc1   Thumb Code    48  list.o(i.vListInsert)
    vListInsertEnd                           0x08008df1   Thumb Code    24  list.o(i.vListInsertEnd)
    vPortEnterCritical                       0x08008e09   Thumb Code    54  port.o(i.vPortEnterCritical)
    vPortExitCritical                        0x08008e49   Thumb Code    34  port.o(i.vPortExitCritical)
    vPortFree                                0x08008e71   Thumb Code    94  heap_4.o(i.vPortFree)
    vPortSetupTimerInterrupt                 0x08008ed5   Thumb Code    32  port.o(i.vPortSetupTimerInterrupt)
    vTaskDelay                               0x08008ef9   Thumb Code    66  tasks.o(i.vTaskDelay)
    vTaskResume                              0x08008f45   Thumb Code   112  tasks.o(i.vTaskResume)
    vTaskStartScheduler                      0x08008fc1   Thumb Code    90  tasks.o(i.vTaskStartScheduler)
    vTaskSuspend                             0x0800902d   Thumb Code   174  tasks.o(i.vTaskSuspend)
    vTaskSuspendAll                          0x080090e9   Thumb Code    10  tasks.o(i.vTaskSuspendAll)
    vTaskSwitchContext                       0x080090f9   Thumb Code    82  tasks.o(i.vTaskSwitchContext)
    wheel_init                               0x08009155   Thumb Code   154  control.o(i.wheel_init)
    xPortStartScheduler                      0x08009215   Thumb Code   222  port.o(i.xPortStartScheduler)
    xTaskCreate                              0x08009309   Thumb Code    90  tasks.o(i.xTaskCreate)
    xTaskCreateStatic                        0x08009363   Thumb Code    86  tasks.o(i.xTaskCreateStatic)
    xTaskIncrementTick                       0x080093b9   Thumb Code   194  tasks.o(i.xTaskIncrementTick)
    xTaskResumeAll                           0x08009485   Thumb Code   182  tasks.o(i.xTaskResumeAll)
    yundong_cal                              0x08009549   Thumb Code    58  control.o(i.yundong_cal)
    zhili                                    0x08009589   Thumb Code   102  section.o(i.zhili)
    zhili_2                                  0x08009609   Thumb Code   152  section.o(i.zhili_2)
    u8g2_font_inb24_mf                       0x08009722   Data        8828  u8g2_fonts.o(.constdata)
    u8g2_cb_r0                               0x0800b9a0   Data          12  u8g2_setup.o(.constdata)
    AHBPrescTable                            0x0800bac8   Data          16  system_stm32f4xx.o(.constdata)
    APBPrescTable                            0x0800bad8   Data           8  system_stm32f4xx.o(.constdata)
    Region$$Table$$Base                      0x0800baf8   Number         0  anon$$obj.o(Region$$Table)
    Region$$Table$$Limit                     0x0800bb18   Number         0  anon$$obj.o(Region$$Table)
    ContestTaskHandle                        0x20000004   Data           4  freertos.o(.data)
    LEDFlashHandle                           0x20000008   Data           4  freertos.o(.data)
    Box                                      0x20000010   Data           4  bsp_can.o(.data)
    Rx1Data                                  0x20000014   Data           8  bsp_can.o(.data)
    Tx1Data                                  0x2000001c   Data           8  bsp_can.o(.data)
    stop_flag                                0x20000034   Data           1  control.o(.data)
    dingjiao_state                           0x20000038   Data           1  control.o(.data)
    track_flag                               0x20000039   Data           1  control.o(.data)
    track_flag_bridge                        0x2000003a   Data           1  control.o(.data)
    track_mode                               0x2000003b   Data           1  control.o(.data)
    Weak_mode                                0x2000003c   Data           1  control.o(.data)
    dingjiao_flag                            0x2000003e   Data           1  control.o(.data)
    dingjiao_mode                            0x2000003f   Data           1  control.o(.data)
    Traffic_light                            0x20000040   Data           1  control.o(.data)
    Traffic_pass_record                      0x20000041   Data           1  control.o(.data)
    OPENMV                                   0x20000042   Data           2  control.o(.data)
    Sensor_GetCount                          0x20000044   Data           4  control.o(.data)
    ahead_location                           0x20000048   Data           4  control.o(.data)
    last_location                            0x2000004c   Data           4  control.o(.data)
    speed_r                                  0x20000050   Data           4  control.o(.data)
    distance_r                               0x20000054   Data           4  control.o(.data)
    Anti_lose                                0x20000058   Data           4  control.o(.data)
    w                                        0x20000064   Data           4  control.o(.data)
    voltage                                  0x20000068   Data           4  control.o(.data)
    initaz                                   0x20000070   Data           8  control.o(.data)
    yaw                                      0x20000078   Data           8  control.o(.data)
    yaw0                                     0x20000080   Data           8  control.o(.data)
    th0                                      0x20000088   Data           8  control.o(.data)
    Traffic_pass_record_rc                   0x20000090   Data           1  control.o(.data)
    door_find_fail                           0x20000091   Data           1  control.o(.data)
    stcTime                                  0x20000096   Data           8  jy901.o(.data)
    stcAcc                                   0x2000009e   Data           8  jy901.o(.data)
    stcGyro                                  0x200000a6   Data           8  jy901.o(.data)
    stcAngle                                 0x200000ae   Data           8  jy901.o(.data)
    stcMag                                   0x200000b6   Data           8  jy901.o(.data)
    stcDStatus                               0x200000be   Data           8  jy901.o(.data)
    stcPress                                 0x200000c8   Data           8  jy901.o(.data)
    stcLonLat                                0x200000d0   Data           8  jy901.o(.data)
    stcGPSV                                  0x200000d8   Data           8  jy901.o(.data)
    stcQ                                     0x200000e0   Data           8  jy901.o(.data)
    Sensor_Value                             0x200000ea   Data           2  uart_it.o(.data)
    USART_RX_STA                             0x200000ec   Data           2  sensor8.o(.data)
    Num                                      0x200000f0   Data           4  sensor8.o(.data)
    SKIP                                     0x200000f4   Data           5  section.o(.data)
    Traffic_pass_record_last                 0x200000fa   Data           1  remote_control.o(.data)
    uwTickFreq                               0x20000104   Data           1  stm32f4xx_hal.o(.data)
    uwTickPrio                               0x20000108   Data           4  stm32f4xx_hal.o(.data)
    uwTick                                   0x2000010c   Data           4  stm32f4xx_hal.o(.data)
    SystemCoreClock                          0x20000110   Data           4  system_stm32f4xx.o(.data)
    pxCurrentTCB                             0x20000114   Data           4  tasks.o(.data)
    hadc1                                    0x200003d0   Data          72  adc.o(.bss)
    hcan1                                    0x20000418   Data          40  can.o(.bss)
    htim3                                    0x20000440   Data          72  tim.o(.bss)
    htim5                                    0x20000488   Data          72  tim.o(.bss)
    htim7                                    0x200004d0   Data          72  tim.o(.bss)
    htim13                                   0x20000518   Data          72  tim.o(.bss)
    htim14                                   0x20000560   Data          72  tim.o(.bss)
    huart4                                   0x200005a8   Data          68  usart.o(.bss)
    huart1                                   0x200005ec   Data          68  usart.o(.bss)
    huart2                                   0x20000630   Data          68  usart.o(.bss)
    hdma_usart1_rx                           0x20000674   Data          96  usart.o(.bss)
    hdma_usart1_tx                           0x200006d4   Data          96  usart.o(.bss)
    hdma_usart2_rx                           0x20000734   Data          96  usart.o(.bss)
    hdma_usart2_tx                           0x20000794   Data          96  usart.o(.bss)
    htim6                                    0x200007f4   Data          72  stm32f4xx_hal_timebase_tim.o(.bss)
    moto_chassis                             0x2000083c   Data         144  bsp_can.o(.bss)
    Tx1Message                               0x200008cc   Data          24  bsp_can.o(.bss)
    Rx1Message                               0x200008e4   Data          28  bsp_can.o(.bss)
    u8g2                                     0x20000900   Data         132  bsp_u8g2.o(.bss)
    motor_pid                                0x20000984   Data         288  control.o(.bss)
    dingjiao_pid                             0x20000aa4   Data          72  control.o(.bss)
    track_pid                                0x20000aec   Data          72  control.o(.bss)
    Sensor                                   0x20000d2e   Data          32  uart_it.o(.bss)
    rc_ctrl                                  0x20000d4e   Data          22  remote_control.o(.bss)
    sbus_rx_buf                              0x20000d64   Data          72  remote_control.o(.bss)
    pFlash                                   0x200011ac   Data          32  stm32f4xx_hal_flash.o(.bss)
    __initial_sp                             0x200052c0   Data           0  startup_stm32f407xx.o(STACK)



==============================================================================

Memory Map of the image

  Image Entry point : 0x08000189

  Load Region LR_IROM1 (Base: 0x08000000, Size: 0x0000bc94, Max: 0x00080000, ABSOLUTE, COMPRESSED[0x0000bb2c])

    Execution Region ER_IROM1 (Base: 0x08000000, Size: 0x0000bb18, Max: 0x00080000, ABSOLUTE)

    Base Addr    Size         Type   Attr      Idx    E Section Name        Object

    0x08000000   0x00000188   Data   RO            3    RESET               startup_stm32f407xx.o
    0x08000188   0x00000000   Code   RO        10563  * .ARM.Collect$$$$00000000  mc_w.l(entry.o)
    0x08000188   0x00000004   Code   RO        10598    .ARM.Collect$$$$00000001  mc_w.l(entry2.o)
    0x0800018c   0x00000004   Code   RO        10601    .ARM.Collect$$$$00000004  mc_w.l(entry5.o)
    0x08000190   0x00000000   Code   RO        10603    .ARM.Collect$$$$00000008  mc_w.l(entry7b.o)
    0x08000190   0x00000000   Code   RO        10605    .ARM.Collect$$$$0000000A  mc_w.l(entry8b.o)
    0x08000190   0x00000008   Code   RO        10606    .ARM.Collect$$$$0000000B  mc_w.l(entry9a.o)
    0x08000198   0x00000000   Code   RO        10608    .ARM.Collect$$$$0000000D  mc_w.l(entry10a.o)
    0x08000198   0x00000000   Code   RO        10610    .ARM.Collect$$$$0000000F  mc_w.l(entry11a.o)
    0x08000198   0x00000004   Code   RO        10599    .ARM.Collect$$$$00002712  mc_w.l(entry2.o)
    0x0800019c   0x000000be   Code   RO        10486    .emb_text           port.o
    0x0800025a   0x00000002   PAD
    0x0800025c   0x00000024   Code   RO            4    .text               startup_stm32f407xx.o
    0x08000280   0x00000062   Code   RO        10566    .text               mc_w.l(uldiv.o)
    0x080002e2   0x00000024   Code   RO        10568    .text               mc_w.l(memcpya.o)
    0x08000306   0x00000024   Code   RO        10572    .text               mc_w.l(memseta.o)
    0x0800032a   0x0000014e   Code   RO        10576    .text               mf_w.l(dadd.o)
    0x08000478   0x000000e4   Code   RO        10578    .text               mf_w.l(dmul.o)
    0x0800055c   0x000000de   Code   RO        10580    .text               mf_w.l(ddiv.o)
    0x0800063a   0x00000022   Code   RO        10582    .text               mf_w.l(dflti.o)
    0x0800065c   0x0000001a   Code   RO        10584    .text               mf_w.l(dfltui.o)
    0x08000676   0x0000003e   Code   RO        10586    .text               mf_w.l(dfixi.o)
    0x080006b4   0x00000032   Code   RO        10588    .text               mf_w.l(dfixui.o)
    0x080006e6   0x00000026   Code   RO        10590    .text               mf_w.l(f2d.o)
    0x0800070c   0x00000030   Code   RO        10592    .text               mf_w.l(cdcmple.o)
    0x0800073c   0x00000030   Code   RO        10594    .text               mf_w.l(cdrcmple.o)
    0x0800076c   0x00000038   Code   RO        10596    .text               mf_w.l(d2f.o)
    0x080007a4   0x0000001e   Code   RO        10612    .text               mc_w.l(llshl.o)
    0x080007c2   0x00000020   Code   RO        10614    .text               mc_w.l(llushr.o)
    0x080007e2   0x00000024   Code   RO        10616    .text               mc_w.l(llsshr.o)
    0x08000806   0x00000000   Code   RO        10618    .text               mc_w.l(iusefp.o)
    0x08000806   0x0000006e   Code   RO        10619    .text               mf_w.l(fepilogue.o)
    0x08000874   0x000000ba   Code   RO        10621    .text               mf_w.l(depilogue.o)
    0x0800092e   0x00000002   PAD
    0x08000930   0x00000024   Code   RO        10623    .text               mc_w.l(init.o)
    0x08000954   0x0000003a   Code   RO        10633    .text               mc_w.l(__dczerorl.o)
    0x0800098e   0x00000002   PAD
    0x08000990   0x00000128   Code   RO         6269    i.ADC_Init          stm32f4xx_hal_adc.o
    0x08000ab8   0x00000002   Code   RO          783    i.BusFault_Handler  stm32f4xx_it.o
    0x08000aba   0x00000002   PAD
    0x08000abc   0x0000000c   Code   RO          784    i.CAN1_RX0_IRQHandler  stm32f4xx_it.o
    0x08000ac8   0x000000cc   Code   RO         1832    i.CopeSerial2Data   jy901.o
    0x08000b94   0x0000000c   Code   RO          785    i.DMA1_Stream5_IRQHandler  stm32f4xx_it.o
    0x08000ba0   0x0000000c   Code   RO          786    i.DMA1_Stream6_IRQHandler  stm32f4xx_it.o
    0x08000bac   0x0000000c   Code   RO          787    i.DMA2_Stream2_IRQHandler  stm32f4xx_it.o
    0x08000bb8   0x0000000c   Code   RO          788    i.DMA2_Stream7_IRQHandler  stm32f4xx_it.o
    0x08000bc4   0x00000028   Code   RO         7003    i.DMA_CalcBaseAndBitshift  stm32f4xx_hal_dma.o
    0x08000bec   0x00000054   Code   RO         7004    i.DMA_CheckFifoParam  stm32f4xx_hal_dma.o
    0x08000c40   0x00000028   Code   RO         7005    i.DMA_SetConfig     stm32f4xx_hal_dma.o
    0x08000c68   0x00000002   Code   RO          789    i.DebugMon_Handler  stm32f4xx_it.o
    0x08000c6a   0x00000006   Code   RO          790    i.EXTI0_IRQHandler  stm32f4xx_it.o
    0x08000c70   0x00000002   Code   RO          232    i.Error_Handler     main.o
    0x08000c72   0x00000002   PAD
    0x08000c74   0x00000050   Code   RO         6818    i.FLASH_Erase_Sector  stm32f4xx_hal_flash_ex.o
    0x08000cc4   0x00000054   Code   RO         6819    i.FLASH_FlushCaches  stm32f4xx_hal_flash_ex.o
    0x08000d18   0x00000028   Code   RO         6820    i.FLASH_MassErase   stm32f4xx_hal_flash_ex.o
    0x08000d40   0x00000020   Code   RO         6700    i.FLASH_Program_Byte  stm32f4xx_hal_flash.o
    0x08000d60   0x0000002c   Code   RO         6701    i.FLASH_Program_DoubleWord  stm32f4xx_hal_flash.o
    0x08000d8c   0x00000024   Code   RO         6702    i.FLASH_Program_HalfWord  stm32f4xx_hal_flash.o
    0x08000db0   0x00000024   Code   RO         6703    i.FLASH_Program_Word  stm32f4xx_hal_flash.o
    0x08000dd4   0x00000068   Code   RO         6704    i.FLASH_SetErrorCode  stm32f4xx_hal_flash.o
    0x08000e3c   0x00000050   Code   RO         6705    i.FLASH_WaitForLastOperation  stm32f4xx_hal_flash.o
    0x08000e8c   0x0000014c   Code   RO         6271    i.HAL_ADC_ConfigChannel  stm32f4xx_hal_adc.o
    0x08000fd8   0x00000004   Code   RO         6277    i.HAL_ADC_GetState  stm32f4xx_hal_adc.o
    0x08000fdc   0x00000006   Code   RO         6278    i.HAL_ADC_GetValue  stm32f4xx_hal_adc.o
    0x08000fe2   0x00000054   Code   RO         6280    i.HAL_ADC_Init      stm32f4xx_hal_adc.o
    0x08001036   0x00000002   PAD
    0x08001038   0x00000060   Code   RO          533    i.HAL_ADC_MspInit   adc.o
    0x08001098   0x000000aa   Code   RO         6284    i.HAL_ADC_PollForConversion  stm32f4xx_hal_adc.o
    0x08001142   0x00000002   PAD
    0x08001144   0x000000fc   Code   RO         6286    i.HAL_ADC_Start     stm32f4xx_hal_adc.o
    0x08001240   0x00000024   Code   RO         7677    i.HAL_CAN_ActivateNotification  stm32f4xx_hal_can.o
    0x08001264   0x000000c8   Code   RO         7678    i.HAL_CAN_AddTxMessage  stm32f4xx_hal_can.o
    0x0800132c   0x0000010c   Code   RO         7679    i.HAL_CAN_ConfigFilter  stm32f4xx_hal_can.o
    0x08001438   0x00000002   Code   RO         7682    i.HAL_CAN_ErrorCallback  stm32f4xx_hal_can.o
    0x0800143a   0x000000e8   Code   RO         7685    i.HAL_CAN_GetRxMessage  stm32f4xx_hal_can.o
    0x08001522   0x000001fc   Code   RO         7689    i.HAL_CAN_IRQHandler  stm32f4xx_hal_can.o
    0x0800171e   0x0000011a   Code   RO         7690    i.HAL_CAN_Init      stm32f4xx_hal_can.o
    0x08001838   0x0000007c   Code   RO          575    i.HAL_CAN_MspInit   can.o
    0x080018b4   0x00000002   Code   RO         7697    i.HAL_CAN_RxFifo0FullCallback  stm32f4xx_hal_can.o
    0x080018b6   0x00000002   PAD
    0x080018b8   0x00000068   Code   RO         1160    i.HAL_CAN_RxFifo0MsgPendingCallback  bsp_can.o
    0x08001920   0x00000002   Code   RO         7699    i.HAL_CAN_RxFifo1FullCallback  stm32f4xx_hal_can.o
    0x08001922   0x00000002   Code   RO         7700    i.HAL_CAN_RxFifo1MsgPendingCallback  stm32f4xx_hal_can.o
    0x08001924   0x00000002   Code   RO         7701    i.HAL_CAN_SleepCallback  stm32f4xx_hal_can.o
    0x08001926   0x00000002   PAD
    0x08001928   0x00000058   Code   RO         7702    i.HAL_CAN_Start     stm32f4xx_hal_can.o
    0x08001980   0x00000002   Code   RO         7704    i.HAL_CAN_TxMailbox0AbortCallback  stm32f4xx_hal_can.o
    0x08001982   0x00000002   Code   RO         7705    i.HAL_CAN_TxMailbox0CompleteCallback  stm32f4xx_hal_can.o
    0x08001984   0x00000002   Code   RO         7706    i.HAL_CAN_TxMailbox1AbortCallback  stm32f4xx_hal_can.o
    0x08001986   0x00000002   Code   RO         7707    i.HAL_CAN_TxMailbox1CompleteCallback  stm32f4xx_hal_can.o
    0x08001988   0x00000002   Code   RO         7708    i.HAL_CAN_TxMailbox2AbortCallback  stm32f4xx_hal_can.o
    0x0800198a   0x00000002   Code   RO         7709    i.HAL_CAN_TxMailbox2CompleteCallback  stm32f4xx_hal_can.o
    0x0800198c   0x00000002   Code   RO         7711    i.HAL_CAN_WakeUpFromRxMsgCallback  stm32f4xx_hal_can.o
    0x0800198e   0x00000092   Code   RO         7006    i.HAL_DMA_Abort     stm32f4xx_hal_dma.o
    0x08001a20   0x00000024   Code   RO         7007    i.HAL_DMA_Abort_IT  stm32f4xx_hal_dma.o
    0x08001a44   0x000001a0   Code   RO         7011    i.HAL_DMA_IRQHandler  stm32f4xx_hal_dma.o
    0x08001be4   0x000000d4   Code   RO         7012    i.HAL_DMA_Init      stm32f4xx_hal_dma.o
    0x08001cb8   0x0000006e   Code   RO         7016    i.HAL_DMA_Start_IT  stm32f4xx_hal_dma.o
    0x08001d26   0x00000002   PAD
    0x08001d28   0x00000024   Code   RO         7425    i.HAL_Delay         stm32f4xx_hal.o
    0x08001d4c   0x00000098   Code   RO         6821    i.HAL_FLASHEx_Erase  stm32f4xx_hal_flash_ex.o
    0x08001de4   0x00000014   Code   RO         6709    i.HAL_FLASH_Lock    stm32f4xx_hal_flash.o
    0x08001df8   0x0000007c   Code   RO         6714    i.HAL_FLASH_Program  stm32f4xx_hal_flash.o
    0x08001e74   0x0000002c   Code   RO         6716    i.HAL_FLASH_Unlock  stm32f4xx_hal_flash.o
    0x08001ea0   0x00000002   Code   RO         6897    i.HAL_GPIO_EXTI_Callback  stm32f4xx_hal_gpio.o
    0x08001ea2   0x00000002   PAD
    0x08001ea4   0x00000018   Code   RO         6898    i.HAL_GPIO_EXTI_IRQHandler  stm32f4xx_hal_gpio.o
    0x08001ebc   0x000001f0   Code   RO         6899    i.HAL_GPIO_Init     stm32f4xx_hal_gpio.o
    0x080020ac   0x0000000a   Code   RO         6901    i.HAL_GPIO_ReadPin  stm32f4xx_hal_gpio.o
    0x080020b6   0x00000010   Code   RO         6902    i.HAL_GPIO_TogglePin  stm32f4xx_hal_gpio.o
    0x080020c6   0x0000000a   Code   RO         6903    i.HAL_GPIO_WritePin  stm32f4xx_hal_gpio.o
    0x080020d0   0x0000000c   Code   RO         7431    i.HAL_GetTick       stm32f4xx_hal.o
    0x080020dc   0x00000010   Code   RO         7437    i.HAL_IncTick       stm32f4xx_hal.o
    0x080020ec   0x00000034   Code   RO         7438    i.HAL_Init          stm32f4xx_hal.o
    0x08002120   0x00000074   Code   RO          943    i.HAL_InitTick      stm32f4xx_hal_timebase_tim.o
    0x08002194   0x00000038   Code   RO          919    i.HAL_MspInit       stm32f4xx_hal_msp.o
    0x080021cc   0x0000001a   Code   RO         7288    i.HAL_NVIC_EnableIRQ  stm32f4xx_hal_cortex.o
    0x080021e6   0x00000002   PAD
    0x080021e8   0x00000040   Code   RO         7294    i.HAL_NVIC_SetPriority  stm32f4xx_hal_cortex.o
    0x08002228   0x00000024   Code   RO         7295    i.HAL_NVIC_SetPriorityGrouping  stm32f4xx_hal_cortex.o
    0x0800224c   0x00000134   Code   RO         6545    i.HAL_RCC_ClockConfig  stm32f4xx_hal_rcc.o
    0x08002380   0x00000040   Code   RO         6549    i.HAL_RCC_GetClockConfig  stm32f4xx_hal_rcc.o
    0x080023c0   0x0000000c   Code   RO         6550    i.HAL_RCC_GetHCLKFreq  stm32f4xx_hal_rcc.o
    0x080023cc   0x00000020   Code   RO         6552    i.HAL_RCC_GetPCLK1Freq  stm32f4xx_hal_rcc.o
    0x080023ec   0x00000020   Code   RO         6553    i.HAL_RCC_GetPCLK2Freq  stm32f4xx_hal_rcc.o
    0x0800240c   0x00000060   Code   RO         6554    i.HAL_RCC_GetSysClockFreq  stm32f4xx_hal_rcc.o
    0x0800246c   0x0000036c   Code   RO         6557    i.HAL_RCC_OscConfig  stm32f4xx_hal_rcc.o
    0x080027d8   0x00000018   Code   RO         7297    i.HAL_SYSTICK_CLKSourceConfig  stm32f4xx_hal_cortex.o
    0x080027f0   0x00000002   Code   RO         8616    i.HAL_TIMEx_BreakCallback  stm32f4xx_hal_tim_ex.o
    0x080027f2   0x00000002   Code   RO         8617    i.HAL_TIMEx_CommutCallback  stm32f4xx_hal_tim_ex.o
    0x080027f4   0x00000090   Code   RO         8635    i.HAL_TIMEx_MasterConfigSynchronization  stm32f4xx_hal_tim_ex.o
    0x08002884   0x0000005a   Code   RO         7912    i.HAL_TIM_Base_Init  stm32f4xx_hal_tim.o
    0x080028de   0x00000002   PAD
    0x080028e0   0x000000c0   Code   RO          641    i.HAL_TIM_Base_MspInit  tim.o
    0x080029a0   0x00000080   Code   RO         7917    i.HAL_TIM_Base_Start_IT  stm32f4xx_hal_tim.o
    0x08002a20   0x00000030   Code   RO         7920    i.HAL_TIM_Base_Stop_IT  stm32f4xx_hal_tim.o
    0x08002a50   0x000000dc   Code   RO         7921    i.HAL_TIM_ConfigClockSource  stm32f4xx_hal_tim.o
    0x08002b2c   0x00000002   Code   RO         7946    i.HAL_TIM_IC_CaptureCallback  stm32f4xx_hal_tim.o
    0x08002b2e   0x00000166   Code   RO         7960    i.HAL_TIM_IRQHandler  stm32f4xx_hal_tim.o
    0x08002c94   0x00000080   Code   RO          642    i.HAL_TIM_MspPostInit  tim.o
    0x08002d14   0x00000002   Code   RO         7963    i.HAL_TIM_OC_DelayElapsedCallback  stm32f4xx_hal_tim.o
    0x08002d16   0x000000cc   Code   RO         7984    i.HAL_TIM_PWM_ConfigChannel  stm32f4xx_hal_tim.o
    0x08002de2   0x0000005a   Code   RO         7987    i.HAL_TIM_PWM_Init  stm32f4xx_hal_tim.o
    0x08002e3c   0x00000002   Code   RO         7989    i.HAL_TIM_PWM_MspInit  stm32f4xx_hal_tim.o
    0x08002e3e   0x00000002   Code   RO         7990    i.HAL_TIM_PWM_PulseFinishedCallback  stm32f4xx_hal_tim.o
    0x08002e40   0x000000c8   Code   RO         7992    i.HAL_TIM_PWM_Start  stm32f4xx_hal_tim.o
    0x08002f08   0x0000004c   Code   RO          233    i.HAL_TIM_PeriodElapsedCallback  main.o
    0x08002f54   0x00000002   Code   RO         8003    i.HAL_TIM_TriggerCallback  stm32f4xx_hal_tim.o
    0x08002f56   0x00000002   Code   RO         8894    i.HAL_UARTEx_RxEventCallback  stm32f4xx_hal_uart.o
    0x08002f58   0x00000002   Code   RO         8908    i.HAL_UART_ErrorCallback  stm32f4xx_hal_uart.o
    0x08002f5a   0x00000002   PAD
    0x08002f5c   0x00000268   Code   RO         8911    i.HAL_UART_IRQHandler  stm32f4xx_hal_uart.o
    0x080031c4   0x00000062   Code   RO         8912    i.HAL_UART_Init     stm32f4xx_hal_uart.o
    0x08003226   0x00000002   PAD
    0x08003228   0x00000200   Code   RO          713    i.HAL_UART_MspInit  usart.o
    0x08003428   0x0000002a   Code   RO         8916    i.HAL_UART_Receive_DMA  stm32f4xx_hal_uart.o
    0x08003452   0x0000002a   Code   RO         8917    i.HAL_UART_Receive_IT  stm32f4xx_hal_uart.o
    0x0800347c   0x000000b0   Code   RO         1891    i.HAL_UART_RxCpltCallback  uart_it.o
    0x0800352c   0x00000002   Code   RO         8919    i.HAL_UART_RxHalfCpltCallback  stm32f4xx_hal_uart.o
    0x0800352e   0x00000002   PAD
    0x08003530   0x0000008c   Code   RO         8921    i.HAL_UART_Transmit_DMA  stm32f4xx_hal_uart.o
    0x080035bc   0x00000002   Code   RO         8923    i.HAL_UART_TxCpltCallback  stm32f4xx_hal_uart.o
    0x080035be   0x00000002   Code   RO         8924    i.HAL_UART_TxHalfCpltCallback  stm32f4xx_hal_uart.o
    0x080035c0   0x00000002   Code   RO          791    i.HardFault_Handler  stm32f4xx_it.o
    0x080035c2   0x00000002   PAD
    0x080035c4   0x0000008c   Code   RO         1054    i.KeyState          key.o
    0x08003650   0x00000064   Code   RO          534    i.MX_ADC1_Init      adc.o
    0x080036b4   0x00000044   Code   RO          576    i.MX_CAN1_Init      can.o
    0x080036f8   0x0000006c   Code   RO          616    i.MX_DMA_Init       dma.o
    0x08003764   0x0000003c   Code   RO          473    i.MX_FREERTOS_Init  freertos.o
    0x080037a0   0x0000018c   Code   RO          438    i.MX_GPIO_Init      gpio.o
    0x0800392c   0x00000034   Code   RO          643    i.MX_TIM13_Init     tim.o
    0x08003960   0x00000038   Code   RO          644    i.MX_TIM14_Init     tim.o
    0x08003998   0x00000098   Code   RO          645    i.MX_TIM3_Init      tim.o
    0x08003a30   0x000000c8   Code   RO          646    i.MX_TIM5_Init      tim.o
    0x08003af8   0x00000048   Code   RO          647    i.MX_TIM7_Init      tim.o
    0x08003b40   0x00000038   Code   RO          714    i.MX_UART4_Init     usart.o
    0x08003b78   0x0000003c   Code   RO          715    i.MX_USART1_UART_Init  usart.o
    0x08003bb4   0x00000038   Code   RO          716    i.MX_USART2_UART_Init  usart.o
    0x08003bec   0x00000002   Code   RO          792    i.MemManage_Handler  stm32f4xx_it.o
    0x08003bee   0x00000002   Code   RO          793    i.NMI_Handler       stm32f4xx_it.o
    0x08003bf0   0x00000128   Code   RO         1115    i.PID_calc          pid.o
    0x08003d18   0x00000040   Code   RO         1116    i.PID_clear         pid.o
    0x08003d58   0x0000005c   Code   RO         1117    i.PID_init          pid.o
    0x08003db4   0x0000000c   Code   RO         1118    i.PID_set           pid.o
    0x08003dc0   0x00000060   Code   RO         1445    i.RC_init           bsp_rc.o
    0x08003e20   0x00000038   Code   RO         1577    i.Ramp_dis          control.o
    0x08003e58   0x0000007c   Code   RO         1222    i.STM32_gpio_and_delay  bsp_u8g2.o
    0x08003ed4   0x0000005c   Code   RO         1082    i.SensorR           led.o
    0x08003f30   0x00000022   Code   RO         1578    i.Servo_5_mode      control.o
    0x08003f52   0x00000002   PAD
    0x08003f54   0x00000048   Code   RO         1579    i.SpeedUP_track     control.o
    0x08003f9c   0x00000018   Code   RO         1580    i.Stop              control.o
    0x08003fb4   0x0000002c   Code   RO        10487    i.SysTick_Handler   port.o
    0x08003fe0   0x00000084   Code   RO          234    i.SystemClock_Config  main.o
    0x08004064   0x0000001c   Code   RO         9241    i.SystemInit        system_stm32f4xx.o
    0x08004080   0x0000000c   Code   RO          794    i.TIM6_DAC_IRQHandler  stm32f4xx_it.o
    0x0800408c   0x0000000c   Code   RO          795    i.TIM7_IRQHandler   stm32f4xx_it.o
    0x08004098   0x0000000c   Code   RO          796    i.TIM8_TRG_COM_TIM14_IRQHandler  stm32f4xx_it.o
    0x080040a4   0x0000000c   Code   RO          797    i.TIM8_UP_TIM13_IRQHandler  stm32f4xx_it.o
    0x080040b0   0x000000c8   Code   RO         8005    i.TIM_Base_SetConfig  stm32f4xx_hal_tim.o
    0x08004178   0x0000001a   Code   RO         8006    i.TIM_CCxChannelCmd  stm32f4xx_hal_tim.o
    0x08004192   0x00000014   Code   RO         8016    i.TIM_ETR_SetConfig  stm32f4xx_hal_tim.o
    0x080041a6   0x00000010   Code   RO         8017    i.TIM_ITRx_SetConfig  stm32f4xx_hal_tim.o
    0x080041b6   0x00000002   PAD
    0x080041b8   0x00000060   Code   RO         8018    i.TIM_OC1_SetConfig  stm32f4xx_hal_tim.o
    0x08004218   0x0000006c   Code   RO         8019    i.TIM_OC2_SetConfig  stm32f4xx_hal_tim.o
    0x08004284   0x00000068   Code   RO         8020    i.TIM_OC3_SetConfig  stm32f4xx_hal_tim.o
    0x080042ec   0x00000050   Code   RO         8021    i.TIM_OC4_SetConfig  stm32f4xx_hal_tim.o
    0x0800433c   0x00000022   Code   RO         8023    i.TIM_TI1_ConfigInputStage  stm32f4xx_hal_tim.o
    0x0800435e   0x00000024   Code   RO         8025    i.TIM_TI2_ConfigInputStage  stm32f4xx_hal_tim.o
    0x08004382   0x00000002   PAD
    0x08004384   0x00000088   Code   RO         1581    i.Track_2           control.o
    0x0800440c   0x00000018   Code   RO         1583    i.Track_tim         control.o
    0x08004424   0x00000124   Code   RO         1584    i.Tracking          control.o
    0x08004548   0x00000010   Code   RO         1585    i.Traffic_pass      control.o
    0x08004558   0x00000018   Code   RO         1933    i.Trig_Sensor       sensor8.o
    0x08004570   0x0000003c   Code   RO         1586    i.Turn_180          control.o
    0x080045ac   0x0000000c   Code   RO          798    i.UART4_IRQHandler  stm32f4xx_it.o
    0x080045b8   0x00000010   Code   RO         8925    i.UART_DMAAbortOnError  stm32f4xx_hal_uart.o
    0x080045c8   0x0000004a   Code   RO         8926    i.UART_DMAError     stm32f4xx_hal_uart.o
    0x08004612   0x00000082   Code   RO         8927    i.UART_DMAReceiveCplt  stm32f4xx_hal_uart.o
    0x08004694   0x0000001a   Code   RO         8929    i.UART_DMARxHalfCplt  stm32f4xx_hal_uart.o
    0x080046ae   0x00000042   Code   RO         8931    i.UART_DMATransmitCplt  stm32f4xx_hal_uart.o
    0x080046f0   0x0000000a   Code   RO         8933    i.UART_DMATxHalfCplt  stm32f4xx_hal_uart.o
    0x080046fa   0x0000004e   Code   RO         8935    i.UART_EndRxTransfer  stm32f4xx_hal_uart.o
    0x08004748   0x0000001c   Code   RO         8936    i.UART_EndTxTransfer  stm32f4xx_hal_uart.o
    0x08004764   0x000000c0   Code   RO         8937    i.UART_Receive_IT   stm32f4xx_hal_uart.o
    0x08004824   0x0000010c   Code   RO         8938    i.UART_SetConfig    stm32f4xx_hal_uart.o
    0x08004930   0x00000094   Code   RO         8939    i.UART_Start_Receive_DMA  stm32f4xx_hal_uart.o
    0x080049c4   0x0000003a   Code   RO         8940    i.UART_Start_Receive_IT  stm32f4xx_hal_uart.o
    0x080049fe   0x00000002   PAD
    0x08004a00   0x00000014   Code   RO          799    i.USART1_IRQHandler  stm32f4xx_it.o
    0x08004a14   0x000000b4   Code   RO         2388    i.USART1_IRQHandler_1  remote_control.o
    0x08004ac8   0x0000000c   Code   RO          800    i.USART2_IRQHandler  stm32f4xx_it.o
    0x08004ad4   0x00000002   Code   RO          801    i.UsageFault_Handler  stm32f4xx_it.o
    0x08004ad6   0x00000002   PAD
    0x08004ad8   0x00000050   Code   RO         1587    i.WT_init           control.o
    0x08004b28   0x00000024   Code   RO         1588    i.WaitForCross      control.o
    0x08004b4c   0x000000ec   Code   RO         2282    i._ContestTask      mytask.o
    0x08004c38   0x000000f8   Code   RO         2283    i._DingjiaoPIDTask  mytask.o
    0x08004d30   0x00000028   Code   RO         2284    i._LEDFlash         mytask.o
    0x08004d58   0x0000013c   Code   RO         2285    i._M2006Task        mytask.o
    0x08004e94   0x00000044   Code   RO         2286    i._StateUpdate      mytask.o
    0x08004ed8   0x00000004   Code   RO         2287    i._TestTask         mytask.o
    0x08004edc   0x000000c4   Code   RO         2288    i._TrackPIDTask     mytask.o
    0x08004fa0   0x00000020   Code   RO         7301    i.__NVIC_SetPriority  stm32f4xx_hal_cortex.o
    0x08004fc0   0x0000000e   Code   RO        10627    i.__scatterload_copy  mc_w.l(handlers.o)
    0x08004fce   0x00000002   Code   RO        10628    i.__scatterload_null  mc_w.l(handlers.o)
    0x08004fd0   0x0000000e   Code   RO        10629    i.__scatterload_zeroinit  mc_w.l(handlers.o)
    0x08004fde   0x00000002   PAD
    0x08004fe0   0x000000f0   Code   RO         1979    i.backhome          section.o
    0x080050d0   0x000000a8   Code   RO         1589    i.battery           control.o
    0x08005178   0x00000080   Code   RO         1590    i.battery_check     control.o
    0x080051f8   0x00000028   Code   RO         1333    i.bend              servo.o
    0x08005220   0x000000e4   Code   RO         1980    i.cross12_back      section.o
    0x08005304   0x00000074   Code   RO         1981    i.cross3_to_cross12  section.o
    0x08005378   0x00000026   Code   RO         1982    i.cross3_to_p6      section.o
    0x0800539e   0x000000d0   Code   RO         1983    i.cross3_to_p8      section.o
    0x0800546e   0x00000002   PAD
    0x08005470   0x00000068   Code   RO         1984    i.cross4_to_cross12  section.o
    0x080054d8   0x00000088   Code   RO         1986    i.cross4_to_p6      section.o
    0x08005560   0x0000012c   Code   RO         1987    i.cross4_to_p8      section.o
    0x0800568c   0x0000001c   Code   RO         1223    i.delay_US          bsp_u8g2.o
    0x080056a8   0x00000020   Code   RO         1591    i.delay_distance    control.o
    0x080056c8   0x00000014   Code   RO          194    i.delay_init        delay.o
    0x080056dc   0x00000044   Code   RO         1592    i.detect_Traffic_light  control.o
    0x08005720   0x000000c0   Code   RO         1593    i.dingjiao          control.o
    0x080057e0   0x00000118   Code   RO         1594    i.dingjiao_run      control.o
    0x080058f8   0x00000038   Code   RO         1224    i.drawLogo          bsp_u8g2.o
    0x08005930   0x00000500   Code   RO         1988    i.find_door         section.o
    0x08005e30   0x0000002a   Code   RO         1388    i.flash_erase_address  bsp_flash.o
    0x08005e5a   0x00000002   PAD
    0x08005e5c   0x0000004c   Code   RO         1595    i.flash_led         control.o
    0x08005ea8   0x0000000c   Code   RO         1389    i.flash_read        bsp_flash.o
    0x08005eb4   0x00000068   Code   RO         1391    i.flash_write_single_address  bsp_flash.o
    0x08005f1c   0x000000c4   Code   RO         1392    i.ger_sector        bsp_flash.o
    0x08005fe0   0x00000060   Code   RO         1161    i.get_moto_measure  bsp_can.o
    0x08006040   0x000000d4   Code   RO         1393    i.get_next_flash_address  bsp_flash.o
    0x08006114   0x00000008   Code   RO         5489    i.i2c_clear_scl     u8x8_byte.o
    0x0800611c   0x00000008   Code   RO         5490    i.i2c_clear_sda     u8x8_byte.o
    0x08006124   0x0000000a   Code   RO         5491    i.i2c_delay         u8x8_byte.o
    0x0800612e   0x00000016   Code   RO         5492    i.i2c_read_scl_and_delay  u8x8_byte.o
    0x08006144   0x00000008   Code   RO         5493    i.i2c_read_sda      u8x8_byte.o
    0x0800614c   0x00000026   Code   RO         5494    i.i2c_write_bit     u8x8_byte.o
    0x08006172   0x0000007c   Code   RO         5495    i.i2c_write_byte    u8x8_byte.o
    0x080061ee   0x00000002   PAD
    0x080061f0   0x0000009c   Code   RO         1596    i.itoa              control.o
    0x0800628c   0x0000003e   Code   RO         1989    i.jiansudai         section.o
    0x080062ca   0x0000003e   Code   RO         1990    i.jiansudai_double  section.o
    0x08006308   0x00000052   Code   RO         1991    i.jieti_1           section.o
    0x0800635a   0x00000002   PAD
    0x0800635c   0x00000104   Code   RO         1993    i.jinxingban_start  section.o
    0x08006460   0x00000078   Code   RO         1994    i.long_bridge       section.o
    0x080064d8   0x000000a0   Code   RO          235    i.main              main.o
    0x08006578   0x0000000c   Code   RO        10052    i.makeFreeRtosPriority  cmsis_os.o
    0x08006584   0x00000010   Code   RO         1597    i.my_abs            control.o
    0x08006594   0x00000030   Code   RO         1164    i.my_can_filter_init_recv_all  bsp_can.o
    0x080065c4   0x0000000e   Code   RO        10054    i.osDelay           cmsis_os.o
    0x080065d2   0x0000000a   Code   RO        10057    i.osKernelStart     cmsis_os.o
    0x080065dc   0x00000054   Code   RO        10091    i.osThreadCreate    cmsis_os.o
    0x08006630   0x00000056   Code   RO         1995    i.p1_to_p2          section.o
    0x08006686   0x0000007a   Code   RO         1997    i.p2_to_p4          section.o
    0x08006700   0x0000002c   Code   RO         2000    i.p4_to_cross2      section.o
    0x0800672c   0x00000038   Code   RO         2001    i.p4_to_s02         section.o
    0x08006764   0x000000d0   Code   RO         2005    i.p6_to_p8          section.o
    0x08006834   0x00000028   Code   RO         2006    i.p6_to_s03         section.o
    0x0800685c   0x000000e4   Code   RO         2007    i.p7_to_cross3      section.o
    0x08006940   0x000000d4   Code   RO         2008    i.p7_to_cross4      section.o
    0x08006a14   0x0000006c   Code   RO         2010    i.p8_to_p7          section.o
    0x08006a80   0x00000168   Code   RO         2011    i.pingtai           section.o
    0x08006be8   0x000000e4   Code   RO         2012    i.pingtai6          section.o
    0x08006ccc   0x00000230   Code   RO         2013    i.pingtai7          section.o
    0x08006efc   0x00000428   Code   RO         2014    i.pingtai8          section.o
    0x08007324   0x00000070   Code   RO         9734    i.prvAddCurrentTaskToDelayedList  tasks.o
    0x08007394   0x000000d0   Code   RO         9735    i.prvAddNewTaskToReadyList  tasks.o
    0x08007464   0x00000034   Code   RO         9736    i.prvDeleteTCB      tasks.o
    0x08007498   0x0000004c   Code   RO        10419    i.prvHeapInit       heap_4.o
    0x080074e4   0x00000060   Code   RO         9737    i.prvIdleTask       tasks.o
    0x08007544   0x00000098   Code   RO         9738    i.prvInitialiseNewTask  tasks.o
    0x080075dc   0x0000004c   Code   RO        10420    i.prvInsertBlockIntoFreeList  heap_4.o
    0x08007628   0x00000020   Code   RO         9739    i.prvResetNextTaskUnblockTime  tasks.o
    0x08007648   0x00000028   Code   RO        10488    i.prvTaskExitError  port.o
    0x08007670   0x00000034   Code   RO         9740    i.prvTaskIsTaskSuspended  tasks.o
    0x080076a4   0x000000dc   Code   RO        10421    i.pvPortMalloc      heap_4.o
    0x08007780   0x0000002c   Code   RO        10489    i.pxPortInitialiseStack  port.o
    0x080077ac   0x00000088   Code   RO         2015    i.qiaoban           section.o
    0x08007834   0x0000002c   Code   RO         1335    i.raise             servo.o
    0x08007860   0x00000038   Code   RO         2016    i.ready             section.o
    0x08007898   0x0000002c   Code   RO         1598    i.record_read       control.o
    0x080078c4   0x0000003c   Code   RO         1599    i.record_show       control.o
    0x08007900   0x00000090   Code   RO         1600    i.record_to_flash   control.o
    0x08007990   0x00000010   Code   RO         2390    i.remote_control_init  remote_control.o
    0x080079a0   0x00000048   Code   RO         2391    i.remote_set_door   remote_control.o
    0x080079e8   0x00000038   Code   RO         2018    i.s02_to_cross2     section.o
    0x08007a20   0x000000a0   Code   RO         2019    i.s03_to_p8         section.o
    0x08007ac0   0x000000b4   Code   RO         2392    i.sbus_to_rc        remote_control.o
    0x08007b74   0x000000a4   Code   RO         1336    i.servo             servo.o
    0x08007c18   0x00000060   Code   RO         1337    i.servo_init        servo.o
    0x08007c78   0x00000048   Code   RO         1165    i.set_moto_current  bsp_can.o
    0x08007cc0   0x00000030   Code   RO         1602    i.show_battery      control.o
    0x08007cf0   0x00000012   Code   RO         1603    i.skip_cross        control.o
    0x08007d02   0x00000002   PAD
    0x08007d04   0x00000294   Code   RO         1604    i.track_turn        control.o
    0x08007f98   0x00000014   Code   RO         2679    i.u8g2_ClearBuffer  u8g2_buffer.o
    0x08007fac   0x00000070   Code   RO         2864    i.u8g2_DrawGlyph    u8g2_font.o
    0x0800801c   0x000000ac   Code   RO         4844    i.u8g2_DrawHVLine   u8g2_hvline.o
    0x080080c8   0x00000010   Code   RO         2865    i.u8g2_DrawStr      u8g2_font.o
    0x080080d8   0x00000030   Code   RO         4905    i.u8g2_IsIntersection  u8g2_intersection.o
    0x08008108   0x00000012   Code   RO         2682    i.u8g2_SendBuffer   u8g2_buffer.o
    0x0800811a   0x00000020   Code   RO         2881    i.u8g2_SetFont      u8g2_font.o
    0x0800813a   0x00000006   Code   RO         2882    i.u8g2_SetFontDirection  u8g2_font.o
    0x08008140   0x00000006   Code   RO         2883    i.u8g2_SetFontMode  u8g2_font.o
    0x08008146   0x00000002   PAD
    0x08008148   0x0000000c   Code   RO         2884    i.u8g2_SetFontPosBaseline  u8g2_font.o
    0x08008154   0x0000001a   Code   RO         5093    i.u8g2_SetMaxClipWindow  u8g2_setup.o
    0x0800816e   0x00000042   Code   RO         5094    i.u8g2_SetupBuffer  u8g2_setup.o
    0x080081b0   0x00000038   Code   RO         2850    i.u8g2_Setup_ssd1306_i2c_128x64_noname_f  u8g2_d_setup.o
    0x080081e8   0x00000034   Code   RO         1225    i.u8g2_Show         bsp_u8g2.o
    0x0800821c   0x00000052   Code   RO         2891    i.u8g2_UpdateRefHeight  u8g2_font.o
    0x0800826e   0x0000001c   Code   RO         2892    i.u8g2_add_vector_x  u8g2_font.o
    0x0800828a   0x0000001c   Code   RO         2893    i.u8g2_add_vector_y  u8g2_font.o
    0x080082a6   0x0000006e   Code   RO         5096    i.u8g2_apply_clip_window  u8g2_setup.o
    0x08008314   0x0000003c   Code   RO         4848    i.u8g2_clip_intersection2  u8g2_hvline.o
    0x08008350   0x00000014   Code   RO         4849    i.u8g2_draw_hv_line_2dir  u8g2_hvline.o
    0x08008364   0x0000000c   Code   RO         5098    i.u8g2_draw_l90_r0  u8g2_setup.o
    0x08008370   0x00000076   Code   RO         2895    i.u8g2_draw_string  u8g2_font.o
    0x080083e6   0x00000004   Code   RO         2898    i.u8g2_font_calc_vref_font  u8g2_font.o
    0x080083ea   0x00000014   Code   RO         2900    i.u8g2_font_decode_get_signed_bits  u8g2_font.o
    0x080083fe   0x00000034   Code   RO         2901    i.u8g2_font_decode_get_unsigned_bits  u8g2_font.o
    0x08008432   0x00000002   PAD
    0x08008434   0x0000010c   Code   RO         2902    i.u8g2_font_decode_glyph  u8g2_font.o
    0x08008540   0x0000008c   Code   RO         2903    i.u8g2_font_decode_len  u8g2_font.o
    0x080085cc   0x00000072   Code   RO         2904    i.u8g2_font_get_glyph_data  u8g2_font.o
    0x0800863e   0x00000014   Code   RO         2905    i.u8g2_font_get_word  u8g2_font.o
    0x08008652   0x00000034   Code   RO         2906    i.u8g2_font_setup_decode  u8g2_font.o
    0x08008686   0x00000002   PAD
    0x08008688   0x00000030   Code   RO         1226    i.u8g2_init         bsp_u8g2.o
    0x080086b8   0x00000018   Code   RO         4906    i.u8g2_is_intersection_decision_tree  u8g2_intersection.o
    0x080086d0   0x00000090   Code   RO         4954    i.u8g2_ll_hvline_vertical_top_lsb  u8g2_ll_hvline.o
    0x08008760   0x0000000c   Code   RO         2837    i.u8g2_m_16_8_f     u8g2_d_memory.o
    0x0800876c   0x0000006a   Code   RO         2907    i.u8g2_read_font_info  u8g2_font.o
    0x080087d6   0x0000004e   Code   RO         2690    i.u8g2_send_buffer  u8g2_buffer.o
    0x08008824   0x00000058   Code   RO         5102    i.u8g2_update_dimension_common  u8g2_setup.o
    0x0800887c   0x00000004   Code   RO         5103    i.u8g2_update_dimension_r0  u8g2_setup.o
    0x08008880   0x00000022   Code   RO         5107    i.u8g2_update_page_win_r0  u8g2_setup.o
    0x080088a2   0x0000001e   Code   RO         5850    i.u8x8_DrawTile     u8x8_display.o
    0x080088c0   0x00000010   Code   RO         5852    i.u8x8_InitDisplay  u8x8_display.o
    0x080088d0   0x00000010   Code   RO         5853    i.u8x8_RefreshDisplay  u8x8_display.o
    0x080088e0   0x00000010   Code   RO         5856    i.u8x8_SetPowerSave  u8x8_display.o
    0x080088f0   0x00000022   Code   RO         6150    i.u8x8_Setup        u8x8_setup.o
    0x08008912   0x00000002   PAD
    0x08008914   0x00000024   Code   RO         6151    i.u8x8_SetupDefaults  u8x8_setup.o
    0x08008938   0x00000010   Code   RO         5857    i.u8x8_SetupMemory  u8x8_display.o
    0x08008948   0x0000000e   Code   RO         5375    i.u8x8_ascii_next   u8x8_8x8.o
    0x08008956   0x00000010   Code   RO         5500    i.u8x8_byte_EndTransfer  u8x8_byte.o
    0x08008966   0x0000000e   Code   RO         5501    i.u8x8_byte_SendByte  u8x8_byte.o
    0x08008974   0x00000010   Code   RO         5504    i.u8x8_byte_StartTransfer  u8x8_byte.o
    0x08008984   0x000000bc   Code   RO         5509    i.u8x8_byte_sw_i2c  u8x8_byte.o
    0x08008a40   0x00000010   Code   RO         5620    i.u8x8_cad_EndTransfer  u8x8_cad.o
    0x08008a50   0x00000010   Code   RO         5621    i.u8x8_cad_SendArg  u8x8_cad.o
    0x08008a60   0x00000010   Code   RO         5622    i.u8x8_cad_SendCmd  u8x8_cad.o
    0x08008a70   0x00000010   Code   RO         5623    i.u8x8_cad_SendData  u8x8_cad.o
    0x08008a80   0x00000068   Code   RO         5625    i.u8x8_cad_SendSequence  u8x8_cad.o
    0x08008ae8   0x00000010   Code   RO         5626    i.u8x8_cad_StartTransfer  u8x8_cad.o
    0x08008af8   0x000000bc   Code   RO         5629    i.u8x8_cad_ssd13xx_fast_i2c  u8x8_cad.o
    0x08008bb4   0x00000060   Code   RO         5858    i.u8x8_d_helper_display_init  u8x8_display.o
    0x08008c14   0x0000000a   Code   RO         5859    i.u8x8_d_helper_display_setup_memory  u8x8_display.o
    0x08008c1e   0x00000002   PAD
    0x08008c20   0x0000003c   Code   RO         5790    i.u8x8_d_ssd1306_128x64_noname  u8x8_d_ssd1306_128x64_noname.o
    0x08008c5c   0x000000c8   Code   RO         5792    i.u8x8_d_ssd1306_sh1106_generic  u8x8_d_ssd1306_128x64_noname.o
    0x08008d24   0x00000004   Code   RO         6153    i.u8x8_dummy_cb     u8x8_setup.o
    0x08008d28   0x0000000c   Code   RO         6072    i.u8x8_gpio_call    u8x8_gpio.o
    0x08008d34   0x0000002c   Code   RO         5635    i.u8x8_i2c_data_transfer  u8x8_cad.o
    0x08008d60   0x00000008   Code   RO         5383    i.u8x8_utf8_init    u8x8_8x8.o
    0x08008d68   0x00000026   Code   RO         9379    i.uxListRemove      list.o
    0x08008d8e   0x00000002   PAD
    0x08008d90   0x00000014   Code   RO          476    i.vApplicationGetIdleTaskMemory  freertos.o
    0x08008da4   0x00000016   Code   RO         9380    i.vListInitialise   list.o
    0x08008dba   0x00000006   Code   RO         9381    i.vListInitialiseItem  list.o
    0x08008dc0   0x00000030   Code   RO         9382    i.vListInsert       list.o
    0x08008df0   0x00000018   Code   RO         9383    i.vListInsertEnd    list.o
    0x08008e08   0x00000040   Code   RO        10491    i.vPortEnterCritical  port.o
    0x08008e48   0x00000028   Code   RO        10492    i.vPortExitCritical  port.o
    0x08008e70   0x00000064   Code   RO        10422    i.vPortFree         heap_4.o
    0x08008ed4   0x00000024   Code   RO        10493    i.vPortSetupTimerInterrupt  port.o
    0x08008ef8   0x0000004c   Code   RO         9748    i.vTaskDelay        tasks.o
    0x08008f44   0x0000007c   Code   RO         9759    i.vTaskResume       tasks.o
    0x08008fc0   0x0000006c   Code   RO         9761    i.vTaskStartScheduler  tasks.o
    0x0800902c   0x000000bc   Code   RO         9762    i.vTaskSuspend      tasks.o
    0x080090e8   0x00000010   Code   RO         9763    i.vTaskSuspendAll   tasks.o
    0x080090f8   0x0000005c   Code   RO         9764    i.vTaskSwitchContext  tasks.o
    0x08009154   0x000000c0   Code   RO         1605    i.wheel_init        control.o
    0x08009214   0x000000f4   Code   RO        10495    i.xPortStartScheduler  port.o
    0x08009308   0x0000005a   Code   RO         9767    i.xTaskCreate       tasks.o
    0x08009362   0x00000056   Code   RO         9768    i.xTaskCreateStatic  tasks.o
    0x080093b8   0x000000cc   Code   RO         9775    i.xTaskIncrementTick  tasks.o
    0x08009484   0x000000c4   Code   RO         9781    i.xTaskResumeAll    tasks.o
    0x08009548   0x00000040   Code   RO         1607    i.yundong_cal       control.o
    0x08009588   0x00000080   Code   RO         2023    i.zhili             section.o
    0x08009608   0x000000b4   Code   RO         2024    i.zhili_2           section.o
    0x080096bc   0x00000038   Data   RO          478    .constdata          freertos.o
    0x080096f4   0x0000002e   Data   RO         1610    .constdata          control.o
    0x08009722   0x0000227c   Data   RO         4701    .constdata          u8g2_fonts.o
    0x0800b99e   0x00000002   PAD
    0x0800b9a0   0x0000000c   Data   RO         5111    .constdata          u8g2_setup.o
    0x0800b9ac   0x00000114   Data   RO         5793    .constdata          u8x8_d_ssd1306_128x64_noname.o
    0x0800bac0   0x00000008   Data   RO         7018    .constdata          stm32f4xx_hal_dma.o
    0x0800bac8   0x00000010   Data   RO         9242    .constdata          system_stm32f4xx.o
    0x0800bad8   0x00000008   Data   RO         9243    .constdata          system_stm32f4xx.o
    0x0800bae0   0x00000018   Data   RO          479    .conststring        freertos.o
    0x0800baf8   0x00000020   Data   RO        10625    Region$$Table       anon$$obj.o


    Execution Region RW_IRAM2 (Base: 0x10000000, Size: 0x00000000, Max: 0x00010000, ABSOLUTE)

    **** No section assigned to this execution region ****


    Execution Region RW_IRAM1 (Base: 0x20000000, Size: 0x000052c0, Max: 0x00020000, ABSOLUTE, COMPRESSED[0x00000014])

    Base Addr    Size         Type   Attr      Idx    E Section Name        Object

    0x20000000   0x00000004   Data   RW          197    .data               delay.o
    0x20000004   0x00000008   Data   RW          480    .data               freertos.o
    0x2000000c   0x00000018   Data   RW         1167    .data               bsp_can.o
    0x20000024   0x00000010   Data   RW         1394    .data               bsp_flash.o
    0x20000034   0x00000001   Data   RW         1611    .data               control.o
    0x20000035   0x00000003   PAD
    0x20000038   0x00000058   Data   RW         1612    .data               control.o
    0x20000090   0x00000001   Data   RW         1618    .data               control.o
    0x20000091   0x00000001   Data   RW         1626    .data               control.o
    0x20000092   0x00000002   PAD
    0x20000094   0x00000054   Data   RW         1837    .data               jy901.o
    0x200000e8   0x00000004   Data   RW         1893    .data               uart_it.o
    0x200000ec   0x00000008   Data   RW         1934    .data               sensor8.o
    0x200000f4   0x00000005   Data   RW         2025    .data               section.o
    0x200000f9   0x00000001   PAD
    0x200000fa   0x00000004   Data   RW         2394    .data               remote_control.o
    0x200000fe   0x00000004   Data   RW         5637    .data               u8x8_cad.o
    0x20000102   0x00000002   PAD
    0x20000104   0x0000000c   Data   RW         7445    .data               stm32f4xx_hal.o
    0x20000110   0x00000004   Data   RW         9244    .data               system_stm32f4xx.o
    0x20000114   0x0000003c   Data   RW         9784    .data               tasks.o
    0x20000150   0x00000020   Data   RW        10428    .data               heap_4.o
    0x20000170   0x0000000c   Data   RW        10496    .data               port.o
    0x2000017c   0x00000254   Zero   RW          477    .bss                freertos.o
    0x200003d0   0x00000048   Zero   RW          535    .bss                adc.o
    0x20000418   0x00000028   Zero   RW          577    .bss                can.o
    0x20000440   0x00000168   Zero   RW          648    .bss                tim.o
    0x200005a8   0x0000024c   Zero   RW          719    .bss                usart.o
    0x200007f4   0x00000048   Zero   RW          946    .bss                stm32f4xx_hal_timebase_tim.o
    0x2000083c   0x000000c4   Zero   RW         1166    .bss                bsp_can.o
    0x20000900   0x00000084   Zero   RW         1227    .bss                bsp_u8g2.o
    0x20000984   0x000001b0   Zero   RW         1609    .bss                control.o
    0x20000b34   0x000001fa   Zero   RW         1836    .bss                jy901.o
    0x20000d2e   0x00000020   Zero   RW         1892    .bss                uart_it.o
    0x20000d4e   0x0000005e   Zero   RW         2393    .bss                remote_control.o
    0x20000dac   0x00000400   Zero   RW         2838    .bss                u8g2_d_memory.o
    0x200011ac   0x00000020   Zero   RW         6717    .bss                stm32f4xx_hal_flash.o
    0x200011cc   0x000000f0   Zero   RW         9783    .bss                tasks.o
    0x200012bc   0x00003c00   Zero   RW        10427    .bss                heap_4.o
    0x20004ebc   0x00000004   PAD
    0x20004ec0   0x00000400   Zero   RW            1    STACK               startup_stm32f407xx.o


==============================================================================

Image component sizes


      Code (inc. data)   RO Data    RW Data    ZI Data      Debug   Object Name

       196         24          0          0         72       1889   adc.o
       320         34          0         24        196       4383   bsp_can.o
       566         96          0         16          0       4285   bsp_flash.o
        96         12          0          0          0     583774   bsp_rc.o
       308         44          0          0        132       3828   bsp_u8g2.o
       192         24          0          0         40       1885   can.o
       120          0          0          0          0      23713   cmsis_os.o
      3176        498         46         91        432      22585   control.o
         0          0          0          0          0        384   datascope_dp.o
        20          4          0          4          0        793   delay.o
       108          4          0          0          0        930   dma.o
         0          0          0          0          0      17072   event_groups.o
        80         12         80          8        596       2246   freertos.o
       396         24          0          0          0       1223   gpio.o
       472         24          0         32      15360       7739   heap_4.o
         0          0          0          0          0     726644   iic.o
       204         18          0         84        506       3814   jy901.o
       140         10          0          0          0        707   key.o
        92         24          0          0          0        722   led.o
       138          0          0          0          0       3818   list.o
       370         36          0          0          0     174667   main.o
      1108        210          0          0          0       4502   mytask.o
       464         14          0          0          0       3676   pid.o
       702         72          0         12          0      11504   port.o
       448         40          0          4         94     578759   remote_control.o
      7268        300          0          5          0      24236   section.o
        24          4          0          8          0       1266   sensor8.o
       344         36          0          0          0       2492   servo.o
        36          8        392          0       1024        884   startup_stm32f407xx.o
       116         18          0         12          0       9046   stm32f4xx_hal.o
      1144         52          0          0          0       6229   stm32f4xx_hal_adc.o
      1638          6          0          0          0      15203   stm32f4xx_hal_can.o
       182         14          0          0          0      34064   stm32f4xx_hal_cortex.o
      1084         16          8          0          0       7770   stm32f4xx_hal_dma.o
       520         66          0          0         32       7110   stm32f4xx_hal_flash.o
       356         24          0          0          0       4230   stm32f4xx_hal_flash_ex.o
       558         52          0          0          0       5008   stm32f4xx_hal_gpio.o
        56          4          0          0          0        962   stm32f4xx_hal_msp.o
      1420         88          0          0          0       6753   stm32f4xx_hal_rcc.o
      2068        136          0          0          0      18645   stm32f4xx_hal_tim.o
       148         28          0          0          0       2641   stm32f4xx_hal_tim_ex.o
       116         16          0          0         72       1563   stm32f4xx_hal_timebase_tim.o
      2042         44          0          0          0      17792   stm32f4xx_hal_uart.o
       170         70          0          0          0       9884   stm32f4xx_it.o
        28          6         24          4          0       1299   system_stm32f4xx.o
      1884        142          0         60        240      23007   tasks.o
       852         90          0          0        360       5524   tim.o
         0          0          0          0          0     138603   u8g2_bitmap.o
       116          0          0          0          0       2643   u8g2_buffer.o
        12          4          0          0       1024        908   u8g2_d_memory.o
        56         14          0          0          0       1113   u8g2_d_setup.o
      1216         10          0          0          0      15723   u8g2_font.o
         0          0       8828          0          0     123416   u8g2_fonts.o
       252          0          0          0          0       2627   u8g2_hvline.o
        72          0          0          0          0       2003   u8g2_intersection.o
       144          0          0          0          0       1434   u8g2_ll_hvline.o
       340          0         12          0          0     126664   u8g2_setup.o
        22          0          0          0          0       1945   u8x8_8x8.o
       452          0          0          0          0       7322   u8x8_byte.o
       416         12          0          4          0       8114   u8x8_cad.o
       260         10        276          0          0       3051   u8x8_d_ssd1306_128x64_noname.o
       200          0          0          0          0       4710   u8x8_display.o
        12          0          0          0          0        641   u8x8_gpio.o
        74          4          0          0          0       1902   u8x8_setup.o
       176         38          0          4         32       1416   uart_it.o
       684         74          0          0        588       5046   usart.o

    ----------------------------------------------------------------------
     36336       2610       9700        380      20804    2840431   Object Totals
         0          0         32          0          0          0   (incl. Generated)
        62          0          2          8          4          0   (incl. Padding)

    ----------------------------------------------------------------------

      Code (inc. data)   RO Data    RW Data    ZI Data      Debug   Library Member Name

        58          0          0          0          0          0   __dczerorl.o
         0          0          0          0          0          0   entry.o
         0          0          0          0          0          0   entry10a.o
         0          0          0          0          0          0   entry11a.o
         8          4          0          0          0          0   entry2.o
         4          0          0          0          0          0   entry5.o
         0          0          0          0          0          0   entry7b.o
         0          0          0          0          0          0   entry8b.o
         8          4          0          0          0          0   entry9a.o
        30          0          0          0          0          0   handlers.o
        36          8          0          0          0         68   init.o
         0          0          0          0          0          0   iusefp.o
        30          0          0          0          0         68   llshl.o
        36          0          0          0          0         68   llsshr.o
        32          0          0          0          0         68   llushr.o
        36          0          0          0          0         68   memcpya.o
        36          0          0          0          0        108   memseta.o
        98          0          0          0          0         92   uldiv.o
        48          0          0          0          0         68   cdcmple.o
        48          0          0          0          0         68   cdrcmple.o
        56          0          0          0          0         88   d2f.o
       334          0          0          0          0        148   dadd.o
       222          0          0          0          0        100   ddiv.o
       186          0          0          0          0        176   depilogue.o
        62          0          0          0          0         80   dfixi.o
        50          0          0          0          0         76   dfixui.o
        34          0          0          0          0         76   dflti.o
        26          0          0          0          0         76   dfltui.o
       228          0          0          0          0         96   dmul.o
        38          0          0          0          0         68   f2d.o
       110          0          0          0          0        168   fepilogue.o

    ----------------------------------------------------------------------
      1860         16          0          0          0       1828   Library Totals
         6          0          0          0          0          0   (incl. Padding)

    ----------------------------------------------------------------------

      Code (inc. data)   RO Data    RW Data    ZI Data      Debug   Library Name

       412         16          0          0          0        540   mc_w.l
      1442          0          0          0          0       1288   mf_w.l

    ----------------------------------------------------------------------
      1860         16          0          0          0       1828   Library Totals

    ----------------------------------------------------------------------

==============================================================================


      Code (inc. data)   RO Data    RW Data    ZI Data      Debug   

     38196       2626       9700        380      20804    2805859   Grand Totals
     38196       2626       9700         20      20804    2805859   ELF Image Totals (compressed)
     38196       2626       9700         20          0          0   ROM Totals

==============================================================================

    Total RO  Size (Code + RO Data)                47896 (  46.77kB)
    Total RW  Size (RW Data + ZI Data)             21184 (  20.69kB)
    Total ROM Size (Code + RO Data + RW Data)      47916 (  46.79kB)

==============================================================================

